Microchip Technology Inc, v1.31 (A)

Tool Name:
  /opt/microchip/xc16/v1.31/bin/bin/../bin/elf-ld

Command:
  -p24FJ32GA002 \
  -o \
  dist/default/production/PIC24FJ32GA002Test.production.elf \
  -L/opt/microchip/xc16/v1.31/bin/bin/.. \
  -L/opt/microchip/xc16/v1.31/bin/bin/../../lib \
  -L/opt/microchip/xc16/v1.31/bin/bin/../../support/PIC24E/gld \
  -L/opt/microchip/xc16/v1.31/bin/bin/../../support/PIC24F/gld \
  -L/opt/microchip/xc16/v1.31/bin/bin/../../support/PIC24H/gld \
  -L/opt/microchip/xc16/v1.31/bin/bin/../../support/dsPIC30F/gld \
  -L/opt/microchip/xc16/v1.31/bin/bin/../../support/dsPIC33E/gld \
  -L/opt/microchip/xc16/v1.31/bin/bin/../../support/dsPIC33F/gld \
  build/default/production/main.o \
  build/default/production/time.o \
  build/default/production/LeTLeds.o \
  build/default/production/LcTLCD.o \
  build/default/production/AuTAudio.o \
  build/default/production/SwTSwitch.o \
  build/default/production/PbTPushbutton.o \
  build/default/production/AdTADC.o \
  build/default/production/BlTBacklight.o \
  build/default/production/SiTSio.o \
  build/default/production/PrTPropaganda.o \
  build/default/production/TPWM.o \
  --defsym=__MPLAB_BUILD=1 \
  -Tp24FJ32GA002.gld.00 \
  --stack=16 \
  --check-sections \
  --data-init \
  --pack-data \
  --handles \
  --isr \
  --no-gc-sections \
  --fill-upper=0 \
  --stackguard=16 \
  --no-force-link \
  --smart-io \
  -Map=dist/default/production/PIC24FJ32GA002Test.production.map \
  --report-mem \
  --memorysummary \
  dist/default/production/memoryfile.xml \
  -start-group \
  --library=pic30-elf \
  --library=m-elf \
  --library=c-elf \
  -end-group \


Optional library libpPIC24Fxxx.a not found
Archive member included because of file (symbol)

/opt/microchip/xc16/v1.31/bin/bin/../../lib/libpic30-elf.a(crt0_standard.o)
                              (__resetPRI)
/opt/microchip/xc16/v1.31/bin/bin/../../lib/libpic30-elf.a(data_init_standard.o)
                              /opt/microchip/xc16/v1.31/bin/bin/../../lib/libpic30-elf.a(crt0_standard.o) (__data_init_standard)
/opt/microchip/xc16/v1.31/bin/bin/../../lib/libpic30-elf.a(crt_start_mode_normal.eo)
                              (__crt_start_mode_normal)
/opt/microchip/xc16/v1.31/bin/bin/../../lib/libm-elf.a(addsf3.eo)
                              build/default/production/PrTPropaganda.o (___addsf3)
/opt/microchip/xc16/v1.31/bin/bin/../../lib/libm-elf.a(fixsfsi.eo)
                              build/default/production/PrTPropaganda.o (_(float, int, long long, short, float, short, int))
/opt/microchip/xc16/v1.31/bin/bin/../../lib/libm-elf.a(floatsisf.eo)
                              build/default/production/PrTPropaganda.o (___floatsisf)
/opt/microchip/xc16/v1.31/bin/bin/../../lib/libm-elf.a(fpack.eo)
                              /opt/microchip/xc16/v1.31/bin/bin/../../lib/libm-elf.a(addsf3.eo) (__fpack)
/opt/microchip/xc16/v1.31/bin/bin/../../lib/libm-elf.a(funpack.eo)
                              /opt/microchip/xc16/v1.31/bin/bin/../../lib/libm-elf.a(fixsfsi.eo) (__funpack)
/opt/microchip/xc16/v1.31/bin/bin/../../lib/libm-elf.a(funpack2.eo)
                              /opt/microchip/xc16/v1.31/bin/bin/../../lib/libm-elf.a(addsf3.eo) (__funpack2)
/opt/microchip/xc16/v1.31/bin/bin/../../lib/libm-elf.a(futil.eo)
                              /opt/microchip/xc16/v1.31/bin/bin/../../lib/libm-elf.a(addsf3.eo) (__fPropagateNaN)
/opt/microchip/xc16/v1.31/bin/bin/../../lib/libm-elf.a(mulsf3.eo)
                              build/default/production/PrTPropaganda.o (___mulsf3)
/opt/microchip/xc16/v1.31/bin/bin/../../lib/libm-elf.a(floatdisf.eo)
                              /opt/microchip/xc16/v1.31/bin/bin/../../lib/libm-elf.a(floatsisf.eo) (___floatdisf)
/opt/microchip/xc16/v1.31/bin/bin/../../lib/libm-elf.a(floatundisf.eo)
                              /opt/microchip/xc16/v1.31/bin/bin/../../lib/libm-elf.a(floatdisf.eo) (___floatundisf)


xc16-ld 1.31 (A)

Program Memory  [Origin = 0x200, Length = 0x55fc]

section                    address   length (PC units)   length (bytes) (dec)
-------                    -------   -----------------   --------------------
.text                        0x200               0x35e           0x50d  (1293)
.const                       0x55e               0x288           0x3cc  (972)
.text                        0x7e6              0x12bc          0x1c1a  (7194)
.dinit                      0x1aa2                0x50            0x78  (120)
.text                       0x1af2                0x88            0xcc  (204)

                 Total program memory used (bytes):         0x2637  (9783) 29%


Ivt Memory  [Origin = 0x4, Length = 0xfc]

section                    address   length (PC units)   length (bytes) (dec)
-------                    -------   -----------------   --------------------
.ivt._T1Interrupt             0x1a                 0x2             0x3  (3)
.ivt._U1RXInterrupt           0x2a                 0x2             0x3  (3)


Data Memory  [Origin = 0x800, Length = 0x2000]

section                    address      alignment gaps    total length  (dec)
-------                    -------      --------------    -------------------
.nbss                        0x800                   0            0x36  (54)
.bss                         0x836                   0           0x1ee  (494)

                 Total data memory used (bytes):          0x224  (548) 6%


Dynamic Memory Usage

region                     address                      maximum length  (dec)
------                     -------                      ---------------------
heap                             0                                   0  (0)
stack                        0xa24                              0x1ddc  (7644)

                 Maximum dynamic memory (bytes):         0x1ddc  (7644)


External Symbols in Data Memory (by address):

                    0x0976                  _s_Timers

External Symbols in Data Memory (by name):

                    0x0976                  _s_Timers

External Symbols in Program Memory (by address):

                  0x000200                  __resetPRI
                  0x00023c                  __psv_init
                  0x000252                  __data_init
                  0x000252                  __data_init_standard
                  0x0002c8                  __DefaultInterrupt
                  0x0002ce                  ___subsf3
                  0x0002d0                  ___addsf3
                  0x00038a                  ___fixsfsi
                  0x0003cc                  ___floatsisf
                  0x0003d2                  __fpack
                  0x00041e                  __funpack
                  0x000448                  __funpack2
                  0x000458                  __fPropagateNaN
                  0x00046a                  __fbopExit
                  0x000472                  __fbopReturnNaN
                  0x000478                  ___mulsf3
                  0x0004e0                  ___floatdisf
                  0x000500                  ___floatundisf
                  0x0007c9                  _cadena
                  0x0007e6                  _LcInit
                  0x00088a                  _LcEnd
                  0x000896                  _LcClear
                  0x0008a8                  _LcCursorOn
                  0x0008b4                  _LcCursorOff
                  0x0008c0                  _LcGotoXY
                  0x00093a                  _LcPutChar
                  0x0009b8                  _LcPutString
                  0x0009d2                  _Espera
                  0x0009f0                  _CantaPartAlta
                  0x000a64                  _CantaPartBaixa
                  0x000ad6                  _CantaIR
                  0x000b74                  _CantaData
                  0x000c12                  _WaitForBusy
                  0x000c8c                  _EscriuPrimeraOrdre
                  0x000d46                  _myItoa
                  0x000dde                  _Menu
                  0x000e34                  _getIDPos
                  0x000e40                  _initPropaganda
                  0x000e5a                  _MotorPropaganda
                  0x001026                  _getVelocitat
                  0x001044                  _initMotorLCD
                  0x001084                  _MotorLCD
                  0x0011b4                  _SiInit
                  0x001228                  _MotorSIO
                  0x001296                  _SiPuts
                  0x0012b0                  _SiPutsCooperatiu
                  0x0012bc                  _SiCharAvail
                  0x0012c6                  _SiGetChar
                  0x0012ce                  _SiSendChar
                  0x00138c                  __U1RXInterrupt
                  0x0013b8                  _PbInit
                  0x0013ce                  _MotorPulsador
                  0x001554                  _getPB1
                  0x001568                  _getPB2
                  0x00157c                  _PwInit
                  0x0015a2                  _MotorPWM
                  0x0016fa                  _getTemps
                  0x001702                  _TimerInit
                  0x001708                  __T1Interrupt
                  0x001760                  _TiInit
                  0x001790                  _TiGetTimer
                  0x0017c6                  _TiResetTics
                  0x0017da                  _TiGetTics
                  0x0017f6                  _TiCloseTimer
                  0x00180a                  _TiEnd
                  0x001810                  _LeInit
                  0x001826                  _MotorLed
                  0x00190c                  _AuInit
                  0x001922                  _getAudioPeriode
                  0x00192a                  _setAudioPeriode
                  0x001938                  _getAudioStatus
                  0x00194a                  _MotorAudio
                  0x00199c                  _changeAudioStatus
                  0x0019bc                  _BlInit
                  0x0019d2                  _BlMotor
                  0x001a20                  _getBlDuty
                  0x001a28                  _setBlDuty
                  0x001a34                  _AdInit
                  0x001a9a                  _AdGetMostra
                  0x001af2                  _initCPU
                  0x001afc                  _main
                  0x001b3c                  _SwInit
                  0x001b4e                  _getSwitch1
                  0x001b64                  _getSwitch2

External Symbols in Program Memory (by name):

                  0x001a9a                  _AdGetMostra
                  0x001a34                  _AdInit
                  0x00190c                  _AuInit
                  0x0019bc                  _BlInit
                  0x0019d2                  _BlMotor
                  0x000b74                  _CantaData
                  0x000ad6                  _CantaIR
                  0x0009f0                  _CantaPartAlta
                  0x000a64                  _CantaPartBaixa
                  0x000c8c                  _EscriuPrimeraOrdre
                  0x0009d2                  _Espera
                  0x000896                  _LcClear
                  0x0008b4                  _LcCursorOff
                  0x0008a8                  _LcCursorOn
                  0x00088a                  _LcEnd
                  0x0008c0                  _LcGotoXY
                  0x0007e6                  _LcInit
                  0x00093a                  _LcPutChar
                  0x0009b8                  _LcPutString
                  0x001810                  _LeInit
                  0x000dde                  _Menu
                  0x00194a                  _MotorAudio
                  0x001084                  _MotorLCD
                  0x001826                  _MotorLed
                  0x0015a2                  _MotorPWM
                  0x000e5a                  _MotorPropaganda
                  0x0013ce                  _MotorPulsador
                  0x001228                  _MotorSIO
                  0x0013b8                  _PbInit
                  0x00157c                  _PwInit
                  0x0012bc                  _SiCharAvail
                  0x0012c6                  _SiGetChar
                  0x0011b4                  _SiInit
                  0x001296                  _SiPuts
                  0x0012b0                  _SiPutsCooperatiu
                  0x0012ce                  _SiSendChar
                  0x001b3c                  _SwInit
                  0x0017f6                  _TiCloseTimer
                  0x00180a                  _TiEnd
                  0x0017da                  _TiGetTics
                  0x001790                  _TiGetTimer
                  0x001760                  _TiInit
                  0x0017c6                  _TiResetTics
                  0x001702                  _TimerInit
                  0x000c12                  _WaitForBusy
                  0x0002c8                  __DefaultInterrupt
                  0x001708                  __T1Interrupt
                  0x00138c                  __U1RXInterrupt
                  0x0002d0                  ___addsf3
                  0x00038a                  ___fixsfsi
                  0x0004e0                  ___floatdisf
                  0x0003cc                  ___floatsisf
                  0x000500                  ___floatundisf
                  0x000478                  ___mulsf3
                  0x0002ce                  ___subsf3
                  0x000252                  __data_init
                  0x000252                  __data_init_standard
                  0x000458                  __fPropagateNaN
                  0x00046a                  __fbopExit
                  0x000472                  __fbopReturnNaN
                  0x0003d2                  __fpack
                  0x00041e                  __funpack
                  0x000448                  __funpack2
                  0x00023c                  __psv_init
                  0x000200                  __resetPRI
                  0x0007c9                  _cadena
                  0x00199c                  _changeAudioStatus
                  0x001922                  _getAudioPeriode
                  0x001938                  _getAudioStatus
                  0x001a20                  _getBlDuty
                  0x000e34                  _getIDPos
                  0x001554                  _getPB1
                  0x001568                  _getPB2
                  0x001b4e                  _getSwitch1
                  0x001b64                  _getSwitch2
                  0x0016fa                  _getTemps
                  0x001026                  _getVelocitat
                  0x001af2                  _initCPU
                  0x001044                  _initMotorLCD
                  0x000e40                  _initPropaganda
                  0x001afc                  _main
                  0x000d46                  _myItoa
                  0x00192a                  _setAudioPeriode
                  0x001a28                  _setBlDuty

Memory Configuration

Name             Origin             Length             Attributes
data             0x000800           0x002000           a !xr
reset            0x000000           0x000004  
ivt              0x000004           0x0000fc  
_reserved        0x000100           0x000004  
aivt             0x000104           0x0000fc  
program          0x000200           0x0055fc           xr
CONFIG2          0x0057fc           0x000002  
CONFIG1          0x0057fe           0x000002  
*default*        0x000000           0xffffffff  

Linker script and memory map

LOAD build/default/production/main.o
LOAD build/default/production/time.o
LOAD build/default/production/LeTLeds.o
LOAD build/default/production/LcTLCD.o
LOAD build/default/production/AuTAudio.o
LOAD build/default/production/SwTSwitch.o
LOAD build/default/production/PbTPushbutton.o
LOAD build/default/production/AdTADC.o
LOAD build/default/production/BlTBacklight.o
LOAD build/default/production/SiTSio.o
LOAD build/default/production/PrTPropaganda.o
LOAD build/default/production/TPWM.o
                    0x0001                  __MPLAB_BUILD = 0x1
LOAD pPIC24Fxxx
LOAD /opt/microchip/xc16/v1.31/bin/bin/../../lib/libfx-elf.a
                    0x57fc                  __CONFIG2 = 0x57fc
                    0x57fe                  __CONFIG1 = 0x57fe
                    0x0001                  __NO_HANDLES = 0x1
                    0x0200                  __CODE_BASE = 0x200
                    0x55fc                  __CODE_LENGTH = 0x55fc
                    0x0004                  __IVT_BASE = 0x4
                    0x0104                  __AIVT_BASE = 0x104
                    0x0800                  __DATA_BASE = 0x800
                    0x2000                  __DATA_LENGTH = 0x2000

.reset            0x000000          0x4
                  0x000000          0x2 SHORT 0x200 ABSOLUTE (__reset)
                  0x000001          0x2 SHORT 0x4
                  0x000002          0x2 SHORT 0x0 ((ABSOLUTE (__reset) >> 0x10) & 0x7f)
                  0x000003          0x2 SHORT 0x0

.text             0x000200        0x35e
 *(.init)
 .init            0x000200         0x4c /opt/microchip/xc16/v1.31/bin/bin/../../lib/libpic30-elf.a(crt0_standard.o)
                  0x000200                  __reset
                  0x000200                  __resetPRI
                  0x00023c                  __psv_init
 .init            0x00024c         0x7c /opt/microchip/xc16/v1.31/bin/bin/../../lib/libpic30-elf.a(data_init_standard.o)
                  0x000252                  __data_init
                  0x000252                  __data_init_standard
 *(.user_init)
 *(.handle)
 *(.isr*)
 .isr             0x0002c8          0x4 default_isr
                  0x0002c8                  __DefaultInterrupt
 *(.libc)
 *(.libm)
 *(.libdsp)
 *(.lib*)
 .libpic30_crt_start_mode
                  0x0002cc          0x2 /opt/microchip/xc16/v1.31/bin/bin/../../lib/libpic30-elf.a(crt_start_mode_normal.eo)
                  0x0002cc                  __crt_start_mode_normal
                  0x0002cc                  __crt_start_mode
 .libm.subsf3     0x0002ce         0xbc /opt/microchip/xc16/v1.31/bin/bin/../../lib/libm-elf.a(addsf3.eo)
                  0x0002ce                  ___subsf3
                  0x0002d0                  ___addsf3
 .libm.fixsfsi    0x00038a         0x42 /opt/microchip/xc16/v1.31/bin/bin/../../lib/libm-elf.a(fixsfsi.eo)
                  0x00038a                  _(float, int, long long, short, float, short, int)
 .libm.floatsisf
                  0x0003cc          0x6 /opt/microchip/xc16/v1.31/bin/bin/../../lib/libm-elf.a(floatsisf.eo)
                  0x0003cc                  ___floatsisf
 .libm.fpack      0x0003d2         0x4c /opt/microchip/xc16/v1.31/bin/bin/../../lib/libm-elf.a(fpack.eo)
                  0x0003d2                  __fpack
 .libm.funpack    0x00041e         0x2a /opt/microchip/xc16/v1.31/bin/bin/../../lib/libm-elf.a(funpack.eo)
                  0x00041e                  __funpack
 .libm.funpack2
                  0x000448         0x10 /opt/microchip/xc16/v1.31/bin/bin/../../lib/libm-elf.a(funpack2.eo)
                  0x000448                  __funpack2
 .libm.fPropagateNaN
                  0x000458         0x12 /opt/microchip/xc16/v1.31/bin/bin/../../lib/libm-elf.a(futil.eo)
                  0x000458                  __fPropagateNaN
 .libm.fbobExit
                  0x00046a          0x8 /opt/microchip/xc16/v1.31/bin/bin/../../lib/libm-elf.a(futil.eo)
                  0x00046a                  __fbopExit
 .libm.fbopReturnNaN
                  0x000472          0x6 /opt/microchip/xc16/v1.31/bin/bin/../../lib/libm-elf.a(futil.eo)
                  0x000472                  __fbopReturnNaN
 .libm.mulsf3     0x000478         0x68 /opt/microchip/xc16/v1.31/bin/bin/../../lib/libm-elf.a(mulsf3.eo)
                  0x000478                  ___mulsf3
 .libm.floatdisf
                  0x0004e0         0x20 /opt/microchip/xc16/v1.31/bin/bin/../../lib/libm-elf.a(floatdisf.eo)
                  0x0004e0                  ___floatdisf
 .libm.floatundisf
                  0x000500         0x5e /opt/microchip/xc16/v1.31/bin/bin/../../lib/libm-elf.a(floatundisf.eo)
                  0x000500                  ___floatundisf

usercode
 *(usercode)

__CONFIG2         0x0057fc          0x2
 *(__CONFIG2.sec*)
 __CONFIG2.sec    0x0057fc          0x2 build/default/production/main.o

__CONFIG1         0x0057fe          0x2
 *(__CONFIG1.sec*)
 __CONFIG1.sec    0x0057fe          0x2 build/default/production/main.o

.comment
 *(.comment)

.debug_info       0x000000       0x4182
 *(.debug_info)
 .debug_info      0x000000        0x308 build/default/production/main.o
 .debug_info      0x000308        0x67f build/default/production/time.o
 .debug_info      0x000987        0x2b5 build/default/production/LeTLeds.o
 .debug_info      0x000c3c        0x892 build/default/production/LcTLCD.o
 .debug_info      0x0014ce        0x33b build/default/production/AuTAudio.o
 .debug_info      0x001809        0x6a7 build/default/production/SwTSwitch.o
 .debug_info      0x001eb0        0x3b2 build/default/production/PbTPushbutton.o
 .debug_info      0x002262        0x520 build/default/production/AdTADC.o
 .debug_info      0x002782        0x4c3 build/default/production/BlTBacklight.o
 .debug_info      0x002c45        0xd03 build/default/production/SiTSio.o
 .debug_info      0x003948        0x38e build/default/production/PrTPropaganda.o
 .debug_info      0x003cd6        0x4ac build/default/production/TPWM.o
 *(.gnu.linkonce.wi.*)

.debug_abbrev     0x000000        0xb68
 *(.debug_abbrev)
 .debug_abbrev    0x000000         0xde build/default/production/main.o
 .debug_abbrev    0x0000de        0x189 build/default/production/time.o
 .debug_abbrev    0x000267         0x8a build/default/production/LeTLeds.o
 .debug_abbrev    0x0002f1         0xf0 build/default/production/LcTLCD.o
 .debug_abbrev    0x0003e1         0xde build/default/production/AuTAudio.o
 .debug_abbrev    0x0004bf         0xd2 build/default/production/SwTSwitch.o
 .debug_abbrev    0x000591         0xf8 build/default/production/PbTPushbutton.o
 .debug_abbrev    0x000689         0xcf build/default/production/AdTADC.o
 .debug_abbrev    0x000758         0xc9 build/default/production/BlTBacklight.o
 .debug_abbrev    0x000821        0x18d build/default/production/SiTSio.o
 .debug_abbrev    0x0009ae        0x109 build/default/production/PrTPropaganda.o
 .debug_abbrev    0x000ab7         0xb1 build/default/production/TPWM.o

.debug_line       0x000000        0x922
 *(.debug_line)
 .debug_line      0x000000         0x9c build/default/production/main.o
 .debug_line      0x00009c         0xae build/default/production/time.o
 .debug_line      0x00014a         0xba build/default/production/LeTLeds.o
 .debug_line      0x000204        0x139 build/default/production/LcTLCD.o
 .debug_line      0x00033d         0xa9 build/default/production/AuTAudio.o
 .debug_line      0x0003e6         0x8e build/default/production/SwTSwitch.o
 .debug_line      0x000474         0xde build/default/production/PbTPushbutton.o
 .debug_line      0x000552         0x92 build/default/production/AdTADC.o
 .debug_line      0x0005e4         0xa1 build/default/production/BlTBacklight.o
 .debug_line      0x000685         0xdc build/default/production/SiTSio.o
 .debug_line      0x000761        0x116 build/default/production/PrTPropaganda.o
 .debug_line      0x000877         0xab build/default/production/TPWM.o

.debug_frame      0x000000        0x8b8
 *(.debug_frame)
 .debug_frame     0x000000         0x4c build/default/production/main.o
 .debug_frame     0x00004c        0x106 build/default/production/time.o
 .debug_frame     0x000152         0x4c build/default/production/LeTLeds.o
 .debug_frame     0x00019e        0x1b8 build/default/production/LcTLCD.o
 .debug_frame     0x000356         0xbc build/default/production/AuTAudio.o
 .debug_frame     0x000412         0x68 build/default/production/SwTSwitch.o
 .debug_frame     0x00047a         0x84 build/default/production/PbTPushbutton.o
 .debug_frame     0x0004fe         0x4c build/default/production/AdTADC.o
 .debug_frame     0x00054a         0x84 build/default/production/BlTBacklight.o
 .debug_frame     0x0005ce        0x188 build/default/production/SiTSio.o
 .debug_frame     0x000756         0xf4 build/default/production/PrTPropaganda.o
 .debug_frame     0x00084a         0x6e build/default/production/TPWM.o

.debug_str        0x000000        0x156
 *(.debug_str)
 .debug_str       0x000000          0x9 build/default/production/main.o
 .debug_str       0x000009         0x34 build/default/production/time.o
 .debug_str       0x00003d         0x13 build/default/production/LeTLeds.o
 .debug_str       0x000050         0x1d build/default/production/LcTLCD.o
 .debug_str       0x00006d         0x13 build/default/production/AuTAudio.o
 .debug_str       0x000080         0x2a build/default/production/SwTSwitch.o
 .debug_str       0x0000aa         0x1e build/default/production/PbTPushbutton.o
 .debug_str       0x0000c8         0x2b build/default/production/AdTADC.o
 .debug_str       0x0000f3         0x13 build/default/production/BlTBacklight.o
 .debug_str       0x000106         0x3d build/default/production/SiTSio.o
 .debug_str       0x000143         0x13 build/default/production/TPWM.o

.debug_loc
 *(.debug_loc)

.debug_macinfo
 *(.debug_macinfo)

.debug_pubnames
                  0x000000        0x4ae
 *(.debug_pubnames)
 .debug_pubnames
                  0x000000         0x41 build/default/production/main.o
 .debug_pubnames
                  0x000041         0x91 build/default/production/time.o
 .debug_pubnames
                  0x0000d2         0x2a build/default/production/LeTLeds.o
 .debug_pubnames
                  0x0000fc         0xee build/default/production/LcTLCD.o
 .debug_pubnames
                  0x0001ea         0x7d build/default/production/AuTAudio.o
 .debug_pubnames
                  0x000267         0x3b build/default/production/SwTSwitch.o
 .debug_pubnames
                  0x0002a2         0x45 build/default/production/PbTPushbutton.o
 .debug_pubnames
                  0x0002e7         0x2d build/default/production/AdTADC.o
 .debug_pubnames
                  0x000314         0x45 build/default/production/BlTBacklight.o
 .debug_pubnames
                  0x000359         0x8a build/default/production/SiTSio.o
 .debug_pubnames
                  0x0003e3         0x94 build/default/production/PrTPropaganda.o
 .debug_pubnames
                  0x000477         0x37 build/default/production/TPWM.o

.debug_ranges
 *(.debug_ranges)

.debug_aranges    0x000000        0x120
 *(.debug_aranges)
 .debug_aranges
                  0x000000         0x18 build/default/production/main.o
 .debug_aranges
                  0x000018         0x18 build/default/production/time.o
 .debug_aranges
                  0x000030         0x18 build/default/production/LeTLeds.o
 .debug_aranges
                  0x000048         0x18 build/default/production/LcTLCD.o
 .debug_aranges
                  0x000060         0x18 build/default/production/AuTAudio.o
 .debug_aranges
                  0x000078         0x18 build/default/production/SwTSwitch.o
 .debug_aranges
                  0x000090         0x18 build/default/production/PbTPushbutton.o
 .debug_aranges
                  0x0000a8         0x18 build/default/production/AdTADC.o
 .debug_aranges
                  0x0000c0         0x18 build/default/production/BlTBacklight.o
 .debug_aranges
                  0x0000d8         0x18 build/default/production/SiTSio.o
 .debug_aranges
                  0x0000f0         0x18 build/default/production/PrTPropaganda.o
 .debug_aranges
                  0x000108         0x18 build/default/production/TPWM.o
                    0x0000                  WREG0 = 0x0
                    0x0000                  _WREG0 = 0x0
                    0x0002                  WREG1 = 0x2
                    0x0002                  _WREG1 = 0x2
                    0x0004                  WREG2 = 0x4
                    0x0004                  _WREG2 = 0x4
                    0x0006                  WREG3 = 0x6
                    0x0006                  _WREG3 = 0x6
                    0x0008                  WREG4 = 0x8
                    0x0008                  _WREG4 = 0x8
                    0x000a                  WREG5 = 0xa
                    0x000a                  _WREG5 = 0xa
                    0x000c                  WREG6 = 0xc
                    0x000c                  _WREG6 = 0xc
                    0x000e                  WREG7 = 0xe
                    0x000e                  _WREG7 = 0xe
                    0x0010                  WREG8 = 0x10
                    0x0010                  _WREG8 = 0x10
                    0x0012                  WREG9 = 0x12
                    0x0012                  _WREG9 = 0x12
                    0x0014                  WREG10 = 0x14
                    0x0014                  _WREG10 = 0x14
                    0x0016                  WREG11 = 0x16
                    0x0016                  _WREG11 = 0x16
                    0x0018                  WREG12 = 0x18
                    0x0018                  _WREG12 = 0x18
                    0x001a                  WREG13 = 0x1a
                    0x001a                  _WREG13 = 0x1a
                    0x001c                  WREG14 = 0x1c
                    0x001c                  _WREG14 = 0x1c
                    0x001e                  WREG15 = 0x1e
                    0x001e                  _WREG15 = 0x1e
                    0x0020                  SPLIM = 0x20
                    0x0020                  _SPLIM = 0x20
                    0x002e                  PCL = 0x2e
                    0x002e                  _PCL = 0x2e
                    0x0030                  PCH = 0x30
                    0x0030                  _PCH = 0x30
                    0x0032                  TBLPAG = 0x32
                    0x0032                  _TBLPAG = 0x32
                    0x0034                  PSVPAG = 0x34
                    0x0034                  _PSVPAG = 0x34
                    0x0036                  RCOUNT = 0x36
                    0x0036                  _RCOUNT = 0x36
                    0x0042                  SR = 0x42
                    0x0042                  _SR = 0x42
                    0x0042                  _SRbits = 0x42
                    0x0044                  CORCON = 0x44
                    0x0044                  _CORCON = 0x44
                    0x0044                  _CORCONbits = 0x44
                    0x0052                  DISICNT = 0x52
                    0x0052                  _DISICNT = 0x52
                    0x0060                  CNEN1 = 0x60
                    0x0060                  _CNEN1 = 0x60
                    0x0060                  _CNEN1bits = 0x60
                    0x0062                  CNEN2 = 0x62
                    0x0062                  _CNEN2 = 0x62
                    0x0062                  _CNEN2bits = 0x62
                    0x0068                  CNPU1 = 0x68
                    0x0068                  _CNPU1 = 0x68
                    0x0068                  _CNPU1bits = 0x68
                    0x006a                  CNPU2 = 0x6a
                    0x006a                  _CNPU2 = 0x6a
                    0x006a                  _CNPU2bits = 0x6a
                    0x0080                  INTCON1 = 0x80
                    0x0080                  _INTCON1 = 0x80
                    0x0080                  _INTCON1bits = 0x80
                    0x0082                  INTCON2 = 0x82
                    0x0082                  _INTCON2 = 0x82
                    0x0082                  _INTCON2bits = 0x82
                    0x0084                  IFS0 = 0x84
                    0x0084                  _IFS0 = 0x84
                    0x0084                  _IFS0bits = 0x84
                    0x0086                  IFS1 = 0x86
                    0x0086                  _IFS1 = 0x86
                    0x0086                  _IFS1bits = 0x86
                    0x0088                  IFS2 = 0x88
                    0x0088                  _IFS2 = 0x88
                    0x0088                  _IFS2bits = 0x88
                    0x008a                  IFS3 = 0x8a
                    0x008a                  _IFS3 = 0x8a
                    0x008a                  _IFS3bits = 0x8a
                    0x008c                  IFS4 = 0x8c
                    0x008c                  _IFS4 = 0x8c
                    0x008c                  _IFS4bits = 0x8c
                    0x0094                  IEC0 = 0x94
                    0x0094                  _IEC0 = 0x94
                    0x0094                  _IEC0bits = 0x94
                    0x0096                  IEC1 = 0x96
                    0x0096                  _IEC1 = 0x96
                    0x0096                  _IEC1bits = 0x96
                    0x0098                  IEC2 = 0x98
                    0x0098                  _IEC2 = 0x98
                    0x0098                  _IEC2bits = 0x98
                    0x009a                  IEC3 = 0x9a
                    0x009a                  _IEC3 = 0x9a
                    0x009a                  _IEC3bits = 0x9a
                    0x009c                  IEC4 = 0x9c
                    0x009c                  _IEC4 = 0x9c
                    0x009c                  _IEC4bits = 0x9c
                    0x00a4                  IPC0 = 0xa4
                    0x00a4                  _IPC0 = 0xa4
                    0x00a4                  _IPC0bits = 0xa4
                    0x00a6                  IPC1 = 0xa6
                    0x00a6                  _IPC1 = 0xa6
                    0x00a6                  _IPC1bits = 0xa6
                    0x00a8                  IPC2 = 0xa8
                    0x00a8                  _IPC2 = 0xa8
                    0x00a8                  _IPC2bits = 0xa8
                    0x00aa                  IPC3 = 0xaa
                    0x00aa                  _IPC3 = 0xaa
                    0x00aa                  _IPC3bits = 0xaa
                    0x00ac                  IPC4 = 0xac
                    0x00ac                  _IPC4 = 0xac
                    0x00ac                  _IPC4bits = 0xac
                    0x00ae                  IPC5 = 0xae
                    0x00ae                  _IPC5 = 0xae
                    0x00ae                  _IPC5bits = 0xae
                    0x00b0                  IPC6 = 0xb0
                    0x00b0                  _IPC6 = 0xb0
                    0x00b0                  _IPC6bits = 0xb0
                    0x00b2                  IPC7 = 0xb2
                    0x00b2                  _IPC7 = 0xb2
                    0x00b2                  _IPC7bits = 0xb2
                    0x00b4                  IPC8 = 0xb4
                    0x00b4                  _IPC8 = 0xb4
                    0x00b4                  _IPC8bits = 0xb4
                    0x00b6                  IPC9 = 0xb6
                    0x00b6                  _IPC9 = 0xb6
                    0x00b6                  _IPC9bits = 0xb6
                    0x00b8                  IPC10 = 0xb8
                    0x00b8                  _IPC10 = 0xb8
                    0x00b8                  _IPC10bits = 0xb8
                    0x00ba                  IPC11 = 0xba
                    0x00ba                  _IPC11 = 0xba
                    0x00ba                  _IPC11bits = 0xba
                    0x00bc                  IPC12 = 0xbc
                    0x00bc                  _IPC12 = 0xbc
                    0x00bc                  _IPC12bits = 0xbc
                    0x00c2                  IPC15 = 0xc2
                    0x00c2                  _IPC15 = 0xc2
                    0x00c2                  _IPC15bits = 0xc2
                    0x00c4                  IPC16 = 0xc4
                    0x00c4                  _IPC16 = 0xc4
                    0x00c4                  _IPC16bits = 0xc4
                    0x00c8                  IPC18 = 0xc8
                    0x00c8                  _IPC18 = 0xc8
                    0x00c8                  _IPC18bits = 0xc8
                    0x0100                  TMR1 = 0x100
                    0x0100                  _TMR1 = 0x100
                    0x0102                  PR1 = 0x102
                    0x0102                  _PR1 = 0x102
                    0x0104                  T1CON = 0x104
                    0x0104                  _T1CON = 0x104
                    0x0104                  _T1CONbits = 0x104
                    0x0106                  TMR2 = 0x106
                    0x0106                  _TMR2 = 0x106
                    0x0108                  TMR3HLD = 0x108
                    0x0108                  _TMR3HLD = 0x108
                    0x010a                  TMR3 = 0x10a
                    0x010a                  _TMR3 = 0x10a
                    0x010c                  PR2 = 0x10c
                    0x010c                  _PR2 = 0x10c
                    0x010e                  PR3 = 0x10e
                    0x010e                  _PR3 = 0x10e
                    0x0110                  T2CON = 0x110
                    0x0110                  _T2CON = 0x110
                    0x0110                  _T2CONbits = 0x110
                    0x0112                  T3CON = 0x112
                    0x0112                  _T3CON = 0x112
                    0x0112                  _T3CONbits = 0x112
                    0x0114                  TMR4 = 0x114
                    0x0114                  _TMR4 = 0x114
                    0x0116                  TMR5HLD = 0x116
                    0x0116                  _TMR5HLD = 0x116
                    0x0118                  TMR5 = 0x118
                    0x0118                  _TMR5 = 0x118
                    0x011a                  PR4 = 0x11a
                    0x011a                  _PR4 = 0x11a
                    0x011c                  PR5 = 0x11c
                    0x011c                  _PR5 = 0x11c
                    0x011e                  T4CON = 0x11e
                    0x011e                  _T4CON = 0x11e
                    0x011e                  _T4CONbits = 0x11e
                    0x0120                  T5CON = 0x120
                    0x0120                  _T5CON = 0x120
                    0x0120                  _T5CONbits = 0x120
                    0x0140                  IC1BUF = 0x140
                    0x0140                  _IC1BUF = 0x140
                    0x0142                  IC1CON = 0x142
                    0x0142                  _IC1CON = 0x142
                    0x0142                  _IC1CONbits = 0x142
                    0x0144                  IC2BUF = 0x144
                    0x0144                  _IC2BUF = 0x144
                    0x0146                  IC2CON = 0x146
                    0x0146                  _IC2CON = 0x146
                    0x0146                  _IC2CONbits = 0x146
                    0x0148                  IC3BUF = 0x148
                    0x0148                  _IC3BUF = 0x148
                    0x014a                  IC3CON = 0x14a
                    0x014a                  _IC3CON = 0x14a
                    0x014a                  _IC3CONbits = 0x14a
                    0x014c                  IC4BUF = 0x14c
                    0x014c                  _IC4BUF = 0x14c
                    0x014e                  IC4CON = 0x14e
                    0x014e                  _IC4CON = 0x14e
                    0x014e                  _IC4CONbits = 0x14e
                    0x0150                  IC5BUF = 0x150
                    0x0150                  _IC5BUF = 0x150
                    0x0152                  IC5CON = 0x152
                    0x0152                  _IC5CON = 0x152
                    0x0152                  _IC5CONbits = 0x152
                    0x0180                  OC1RS = 0x180
                    0x0180                  _OC1RS = 0x180
                    0x0182                  OC1R = 0x182
                    0x0182                  _OC1R = 0x182
                    0x0184                  OC1CON = 0x184
                    0x0184                  _OC1CON = 0x184
                    0x0184                  _OC1CONbits = 0x184
                    0x0186                  OC2RS = 0x186
                    0x0186                  _OC2RS = 0x186
                    0x0188                  OC2R = 0x188
                    0x0188                  _OC2R = 0x188
                    0x018a                  OC2CON = 0x18a
                    0x018a                  _OC2CON = 0x18a
                    0x018a                  _OC2CONbits = 0x18a
                    0x018c                  OC3RS = 0x18c
                    0x018c                  _OC3RS = 0x18c
                    0x018e                  OC3R = 0x18e
                    0x018e                  _OC3R = 0x18e
                    0x0190                  OC3CON = 0x190
                    0x0190                  _OC3CON = 0x190
                    0x0190                  _OC3CONbits = 0x190
                    0x0192                  OC4RS = 0x192
                    0x0192                  _OC4RS = 0x192
                    0x0194                  OC4R = 0x194
                    0x0194                  _OC4R = 0x194
                    0x0196                  OC4CON = 0x196
                    0x0196                  _OC4CON = 0x196
                    0x0196                  _OC4CONbits = 0x196
                    0x0198                  OC5RS = 0x198
                    0x0198                  _OC5RS = 0x198
                    0x019a                  OC5R = 0x19a
                    0x019a                  _OC5R = 0x19a
                    0x019c                  OC5CON = 0x19c
                    0x019c                  _OC5CON = 0x19c
                    0x019c                  _OC5CONbits = 0x19c
                    0x0200                  I2C1RCV = 0x200
                    0x0200                  _I2C1RCV = 0x200
                    0x0202                  I2C1TRN = 0x202
                    0x0202                  _I2C1TRN = 0x202
                    0x0204                  I2C1BRG = 0x204
                    0x0204                  _I2C1BRG = 0x204
                    0x0206                  I2C1CON = 0x206
                    0x0206                  _I2C1CON = 0x206
                    0x0206                  _I2C1CONbits = 0x206
                    0x0208                  I2C1STAT = 0x208
                    0x0208                  _I2C1STAT = 0x208
                    0x0208                  _I2C1STATbits = 0x208
                    0x020a                  I2C1ADD = 0x20a
                    0x020a                  _I2C1ADD = 0x20a
                    0x020c                  I2C1MSK = 0x20c
                    0x020c                  _I2C1MSK = 0x20c
                    0x0210                  I2C2RCV = 0x210
                    0x0210                  _I2C2RCV = 0x210
                    0x0212                  I2C2TRN = 0x212
                    0x0212                  _I2C2TRN = 0x212
                    0x0214                  I2C2BRG = 0x214
                    0x0214                  _I2C2BRG = 0x214
                    0x0216                  I2C2CON = 0x216
                    0x0216                  _I2C2CON = 0x216
                    0x0216                  _I2C2CONbits = 0x216
                    0x0218                  I2C2STAT = 0x218
                    0x0218                  _I2C2STAT = 0x218
                    0x0218                  _I2C2STATbits = 0x218
                    0x021a                  I2C2ADD = 0x21a
                    0x021a                  _I2C2ADD = 0x21a
                    0x021c                  I2C2MSK = 0x21c
                    0x021c                  _I2C2MSK = 0x21c
                    0x0220                  U1MODE = 0x220
                    0x0220                  _U1MODE = 0x220
                    0x0220                  _U1MODEbits = 0x220
                    0x0222                  U1STA = 0x222
                    0x0222                  _U1STA = 0x222
                    0x0222                  _U1STAbits = 0x222
                    0x0224                  U1TXREG = 0x224
                    0x0224                  _U1TXREG = 0x224
                    0x0226                  U1RXREG = 0x226
                    0x0226                  _U1RXREG = 0x226
                    0x0228                  U1BRG = 0x228
                    0x0228                  _U1BRG = 0x228
                    0x0230                  U2MODE = 0x230
                    0x0230                  _U2MODE = 0x230
                    0x0230                  _U2MODEbits = 0x230
                    0x0232                  U2STA = 0x232
                    0x0232                  _U2STA = 0x232
                    0x0232                  _U2STAbits = 0x232
                    0x0234                  U2TXREG = 0x234
                    0x0234                  _U2TXREG = 0x234
                    0x0236                  U2RXREG = 0x236
                    0x0236                  _U2RXREG = 0x236
                    0x0238                  U2BRG = 0x238
                    0x0238                  _U2BRG = 0x238
                    0x0240                  SPI1STAT = 0x240
                    0x0240                  _SPI1STAT = 0x240
                    0x0240                  _SPI1STATbits = 0x240
                    0x0242                  SPI1CON1 = 0x242
                    0x0242                  _SPI1CON1 = 0x242
                    0x0242                  _SPI1CON1bits = 0x242
                    0x0244                  SPI1CON2 = 0x244
                    0x0244                  _SPI1CON2 = 0x244
                    0x0244                  _SPI1CON2bits = 0x244
                    0x0248                  SPI1BUF = 0x248
                    0x0248                  _SPI1BUF = 0x248
                    0x0260                  SPI2STAT = 0x260
                    0x0260                  _SPI2STAT = 0x260
                    0x0260                  _SPI2STATbits = 0x260
                    0x0262                  SPI2CON1 = 0x262
                    0x0262                  _SPI2CON1 = 0x262
                    0x0262                  _SPI2CON1bits = 0x262
                    0x0264                  SPI2CON2 = 0x264
                    0x0264                  _SPI2CON2 = 0x264
                    0x0264                  _SPI2CON2bits = 0x264
                    0x0268                  SPI2BUF = 0x268
                    0x0268                  _SPI2BUF = 0x268
                    0x02c0                  TRISA = 0x2c0
                    0x02c0                  _TRISA = 0x2c0
                    0x02c0                  _TRISAbits = 0x2c0
                    0x02c2                  PORTA = 0x2c2
                    0x02c2                  _PORTA = 0x2c2
                    0x02c2                  _PORTAbits = 0x2c2
                    0x02c4                  LATA = 0x2c4
                    0x02c4                  _LATA = 0x2c4
                    0x02c4                  _LATAbits = 0x2c4
                    0x02c6                  ODCA = 0x2c6
                    0x02c6                  _ODCA = 0x2c6
                    0x02c6                  _ODCAbits = 0x2c6
                    0x02c8                  TRISB = 0x2c8
                    0x02c8                  _TRISB = 0x2c8
                    0x02c8                  _TRISBbits = 0x2c8
                    0x02ca                  PORTB = 0x2ca
                    0x02ca                  _PORTB = 0x2ca
                    0x02ca                  _PORTBbits = 0x2ca
                    0x02cc                  LATB = 0x2cc
                    0x02cc                  _LATB = 0x2cc
                    0x02cc                  _LATBbits = 0x2cc
                    0x02ce                  ODCB = 0x2ce
                    0x02ce                  _ODCB = 0x2ce
                    0x02ce                  _ODCBbits = 0x2ce
                    0x02fc                  PADCFG1 = 0x2fc
                    0x02fc                  _PADCFG1 = 0x2fc
                    0x02fc                  _PADCFG1bits = 0x2fc
                    0x0300                  ADC1BUF0 = 0x300
                    0x0300                  _ADC1BUF0 = 0x300
                    0x0302                  ADC1BUF1 = 0x302
                    0x0302                  _ADC1BUF1 = 0x302
                    0x0304                  ADC1BUF2 = 0x304
                    0x0304                  _ADC1BUF2 = 0x304
                    0x0306                  ADC1BUF3 = 0x306
                    0x0306                  _ADC1BUF3 = 0x306
                    0x0308                  ADC1BUF4 = 0x308
                    0x0308                  _ADC1BUF4 = 0x308
                    0x030a                  ADC1BUF5 = 0x30a
                    0x030a                  _ADC1BUF5 = 0x30a
                    0x030c                  ADC1BUF6 = 0x30c
                    0x030c                  _ADC1BUF6 = 0x30c
                    0x030e                  ADC1BUF7 = 0x30e
                    0x030e                  _ADC1BUF7 = 0x30e
                    0x0310                  ADC1BUF8 = 0x310
                    0x0310                  _ADC1BUF8 = 0x310
                    0x0312                  ADC1BUF9 = 0x312
                    0x0312                  _ADC1BUF9 = 0x312
                    0x0314                  ADC1BUFA = 0x314
                    0x0314                  _ADC1BUFA = 0x314
                    0x0316                  ADC1BUFB = 0x316
                    0x0316                  _ADC1BUFB = 0x316
                    0x0318                  ADC1BUFC = 0x318
                    0x0318                  _ADC1BUFC = 0x318
                    0x031a                  ADC1BUFD = 0x31a
                    0x031a                  _ADC1BUFD = 0x31a
                    0x031c                  ADC1BUFE = 0x31c
                    0x031c                  _ADC1BUFE = 0x31c
                    0x031e                  ADC1BUFF = 0x31e
                    0x031e                  _ADC1BUFF = 0x31e
                    0x0320                  AD1CON1 = 0x320
                    0x0320                  _AD1CON1 = 0x320
                    0x0320                  _AD1CON1bits = 0x320
                    0x0322                  AD1CON2 = 0x322
                    0x0322                  _AD1CON2 = 0x322
                    0x0322                  _AD1CON2bits = 0x322
                    0x0324                  AD1CON3 = 0x324
                    0x0324                  _AD1CON3 = 0x324
                    0x0324                  _AD1CON3bits = 0x324
                    0x0328                  AD1CHS = 0x328
                    0x0328                  _AD1CHS = 0x328
                    0x0328                  _AD1CHSbits = 0x328
                    0x032c                  AD1PCFG = 0x32c
                    0x032c                  _AD1PCFG = 0x32c
                    0x032c                  _AD1PCFGbits = 0x32c
                    0x0330                  AD1CSSL = 0x330
                    0x0330                  _AD1CSSL = 0x330
                    0x0330                  _AD1CSSLbits = 0x330
                    0x0600                  PMCON = 0x600
                    0x0600                  _PMCON = 0x600
                    0x0600                  _PMCONbits = 0x600
                    0x0602                  PMMODE = 0x602
                    0x0602                  _PMMODE = 0x602
                    0x0602                  _PMMODEbits = 0x602
                    0x0604                  PMADDR = 0x604
                    0x0604                  _PMADDR = 0x604
                    0x0604                  _PMADDRbits = 0x604
                    0x0604                  PMDOUT1 = 0x604
                    0x0604                  _PMDOUT1 = 0x604
                    0x0604                  _PMDOUT1bits = 0x604
                    0x0606                  PMDOUT2 = 0x606
                    0x0606                  _PMDOUT2 = 0x606
                    0x0608                  PMDIN1 = 0x608
                    0x0608                  _PMDIN1 = 0x608
                    0x060a                  PMDIN2 = 0x60a
                    0x060a                  _PMDIN2 = 0x60a
                    0x060c                  PMAEN = 0x60c
                    0x060c                  _PMAEN = 0x60c
                    0x060c                  _PMAENbits = 0x60c
                    0x060e                  PMSTAT = 0x60e
                    0x060e                  _PMSTAT = 0x60e
                    0x060e                  _PMSTATbits = 0x60e
                    0x0620                  ALRMVAL = 0x620
                    0x0620                  _ALRMVAL = 0x620
                    0x0622                  ALCFGRPT = 0x622
                    0x0622                  _ALCFGRPT = 0x622
                    0x0622                  _ALCFGRPTbits = 0x622
                    0x0624                  RTCVAL = 0x624
                    0x0624                  _RTCVAL = 0x624
                    0x0626                  RCFGCAL = 0x626
                    0x0626                  _RCFGCAL = 0x626
                    0x0626                  _RCFGCALbits = 0x626
                    0x0630                  CMCON = 0x630
                    0x0630                  _CMCON = 0x630
                    0x0630                  _CMCONbits = 0x630
                    0x0632                  CVRCON = 0x632
                    0x0632                  _CVRCON = 0x632
                    0x0632                  _CVRCONbits = 0x632
                    0x0640                  CRCCON = 0x640
                    0x0640                  _CRCCON = 0x640
                    0x0640                  _CRCCONbits = 0x640
                    0x0642                  CRCXOR = 0x642
                    0x0642                  _CRCXOR = 0x642
                    0x0642                  _CRCXORbits = 0x642
                    0x0644                  CRCDAT = 0x644
                    0x0644                  _CRCDAT = 0x644
                    0x0646                  CRCWDAT = 0x646
                    0x0646                  _CRCWDAT = 0x646
                    0x0680                  RPINR0 = 0x680
                    0x0680                  _RPINR0 = 0x680
                    0x0680                  _RPINR0bits = 0x680
                    0x0682                  RPINR1 = 0x682
                    0x0682                  _RPINR1 = 0x682
                    0x0682                  _RPINR1bits = 0x682
                    0x0686                  RPINR3 = 0x686
                    0x0686                  _RPINR3 = 0x686
                    0x0686                  _RPINR3bits = 0x686
                    0x0688                  RPINR4 = 0x688
                    0x0688                  _RPINR4 = 0x688
                    0x0688                  _RPINR4bits = 0x688
                    0x068e                  RPINR7 = 0x68e
                    0x068e                  _RPINR7 = 0x68e
                    0x068e                  _RPINR7bits = 0x68e
                    0x0690                  RPINR8 = 0x690
                    0x0690                  _RPINR8 = 0x690
                    0x0690                  _RPINR8bits = 0x690
                    0x0692                  RPINR9 = 0x692
                    0x0692                  _RPINR9 = 0x692
                    0x0692                  _RPINR9bits = 0x692
                    0x0696                  RPINR11 = 0x696
                    0x0696                  _RPINR11 = 0x696
                    0x0696                  _RPINR11bits = 0x696
                    0x06a4                  RPINR18 = 0x6a4
                    0x06a4                  _RPINR18 = 0x6a4
                    0x06a4                  _RPINR18bits = 0x6a4
                    0x06a6                  RPINR19 = 0x6a6
                    0x06a6                  _RPINR19 = 0x6a6
                    0x06a6                  _RPINR19bits = 0x6a6
                    0x06a8                  RPINR20 = 0x6a8
                    0x06a8                  _RPINR20 = 0x6a8
                    0x06a8                  _RPINR20bits = 0x6a8
                    0x06aa                  RPINR21 = 0x6aa
                    0x06aa                  _RPINR21 = 0x6aa
                    0x06aa                  _RPINR21bits = 0x6aa
                    0x06ac                  RPINR22 = 0x6ac
                    0x06ac                  _RPINR22 = 0x6ac
                    0x06ac                  _RPINR22bits = 0x6ac
                    0x06ae                  RPINR23 = 0x6ae
                    0x06ae                  _RPINR23 = 0x6ae
                    0x06ae                  _RPINR23bits = 0x6ae
                    0x06c0                  RPOR0 = 0x6c0
                    0x06c0                  _RPOR0 = 0x6c0
                    0x06c0                  _RPOR0bits = 0x6c0
                    0x06c2                  RPOR1 = 0x6c2
                    0x06c2                  _RPOR1 = 0x6c2
                    0x06c2                  _RPOR1bits = 0x6c2
                    0x06c4                  RPOR2 = 0x6c4
                    0x06c4                  _RPOR2 = 0x6c4
                    0x06c4                  _RPOR2bits = 0x6c4
                    0x06c6                  RPOR3 = 0x6c6
                    0x06c6                  _RPOR3 = 0x6c6
                    0x06c6                  _RPOR3bits = 0x6c6
                    0x06c8                  RPOR4 = 0x6c8
                    0x06c8                  _RPOR4 = 0x6c8
                    0x06c8                  _RPOR4bits = 0x6c8
                    0x06ca                  RPOR5 = 0x6ca
                    0x06ca                  _RPOR5 = 0x6ca
                    0x06ca                  _RPOR5bits = 0x6ca
                    0x06cc                  RPOR6 = 0x6cc
                    0x06cc                  _RPOR6 = 0x6cc
                    0x06cc                  _RPOR6bits = 0x6cc
                    0x06ce                  RPOR7 = 0x6ce
                    0x06ce                  _RPOR7 = 0x6ce
                    0x06ce                  _RPOR7bits = 0x6ce
                    0x0740                  RCON = 0x740
                    0x0740                  _RCON = 0x740
                    0x0740                  _RCONbits = 0x740
                    0x0742                  OSCCON = 0x742
                    0x0742                  _OSCCON = 0x742
                    0x0742                  _OSCCONbits = 0x742
                    0x0742                  OSCCONL = 0x742
                    0x0742                  _OSCCONL = 0x742
                    0x0743                  OSCCONH = 0x743
                    0x0743                  _OSCCONH = 0x743
                    0x0744                  CLKDIV = 0x744
                    0x0744                  _CLKDIV = 0x744
                    0x0744                  _CLKDIVbits = 0x744
                    0x0748                  OSCTUN = 0x748
                    0x0748                  _OSCTUN = 0x748
                    0x0748                  _OSCTUNbits = 0x748
                    0x0760                  NVMCON = 0x760
                    0x0760                  _NVMCON = 0x760
                    0x0760                  _NVMCONbits = 0x760
                    0x0766                  NVMKEY = 0x766
                    0x0766                  _NVMKEY = 0x766
                    0x0770                  PMD1 = 0x770
                    0x0770                  _PMD1 = 0x770
                    0x0770                  _PMD1bits = 0x770
                    0x0772                  PMD2 = 0x772
                    0x0772                  _PMD2 = 0x772
                    0x0772                  _PMD2bits = 0x772
                    0x0774                  PMD3 = 0x774
                    0x0774                  _PMD3 = 0x774
                    0x0774                  _PMD3bits = 0x774
                    0x0140                  IC1 = 0x140
                    0x0140                  _IC1 = 0x140
                    0x0144                  IC2 = 0x144
                    0x0144                  _IC2 = 0x144
                    0x0148                  IC3 = 0x148
                    0x0148                  _IC3 = 0x148
                    0x014c                  IC4 = 0x14c
                    0x014c                  _IC4 = 0x14c
                    0x0150                  IC5 = 0x150
                    0x0150                  _IC5 = 0x150
                    0x0180                  OC1 = 0x180
                    0x0180                  _OC1 = 0x180
                    0x0186                  OC2 = 0x186
                    0x0186                  _OC2 = 0x186
                    0x018c                  OC3 = 0x18c
                    0x018c                  _OC3 = 0x18c
                    0x0192                  OC4 = 0x192
                    0x0192                  _OC4 = 0x192
                    0x0198                  OC5 = 0x198
                    0x0198                  _OC5 = 0x198
                    0x0240                  SPI1 = 0x240
                    0x0240                  _SPI1 = 0x240
                    0x0260                  SPI2 = 0x260
                    0x0260                  _SPI2 = 0x260
                    0x0220                  UART1 = 0x220
                    0x0220                  _UART1 = 0x220
                    0x0230                  UART2 = 0x230
                    0x0230                  _UART2 = 0x230
START GROUP
LOAD /opt/microchip/xc16/v1.31/bin/bin/../../lib/libpic30-elf.a
LOAD /opt/microchip/xc16/v1.31/bin/bin/../../lib/libm-elf.a
LOAD /opt/microchip/xc16/v1.31/bin/bin/../../lib/libc-elf.a
END GROUP
OUTPUT(dist/default/production/PIC24FJ32GA002Test.production.elf elf32-pic30)
LOAD default_isr
LOAD data_init

.debug_pubtypes
                  0x000120        0x4a1
 .debug_pubtypes
                  0x000120         0x2f build/default/production/main.o
 .debug_pubtypes
                  0x00014f         0x75 build/default/production/time.o
 .debug_pubtypes
                  0x0001c4         0x4e build/default/production/LeTLeds.o
 .debug_pubtypes
                  0x000212         0x6d build/default/production/LcTLCD.o
 .debug_pubtypes
                  0x00027f         0x4e build/default/production/AuTAudio.o
 .debug_pubtypes
                  0x0002cd         0x92 build/default/production/SwTSwitch.o
 .debug_pubtypes
                  0x00035f         0x6f build/default/production/PbTPushbutton.o
 .debug_pubtypes
                  0x0003ce         0x77 build/default/production/AdTADC.o
 .debug_pubtypes
                  0x000445         0x4e build/default/production/BlTBacklight.o
 .debug_pubtypes
                  0x000493         0xce build/default/production/SiTSio.o
 .debug_pubtypes
                  0x000561         0x12 build/default/production/PrTPropaganda.o
 .debug_pubtypes
                  0x000573         0x4e build/default/production/TPWM.o

__c30_signature
                  0x0005c1         0x90
 __c30_signature
                  0x0005c1          0x6 build/default/production/main.o
 __c30_signature
                  0x0005c7          0x6 build/default/production/time.o
 __c30_signature
                  0x0005cd          0x6 build/default/production/LeTLeds.o
 __c30_signature
                  0x0005d3          0x6 build/default/production/LcTLCD.o
 __c30_signature
                  0x0005d9          0x6 build/default/production/AuTAudio.o
 __c30_signature
                  0x0005df          0x6 build/default/production/SwTSwitch.o
 __c30_signature
                  0x0005e5          0x6 build/default/production/PbTPushbutton.o
 __c30_signature
                  0x0005eb          0x6 build/default/production/AdTADC.o
 __c30_signature
                  0x0005f1          0x6 build/default/production/BlTBacklight.o
 __c30_signature
                  0x0005f7          0x6 build/default/production/SiTSio.o
 __c30_signature
                  0x0005fd          0x6 build/default/production/PrTPropaganda.o
 __c30_signature
                  0x000603          0x6 build/default/production/TPWM.o
 __c30_signature
                  0x000609          0x6 /opt/microchip/xc16/v1.31/bin/bin/../../lib/libpic30-elf.a(crt0_standard.o)
 __c30_signature
                  0x00060f          0x6 /opt/microchip/xc16/v1.31/bin/bin/../../lib/libpic30-elf.a(data_init_standard.o)
 __c30_signature
                  0x000615          0x6 /opt/microchip/xc16/v1.31/bin/bin/../../lib/libm-elf.a(addsf3.eo)
 __c30_signature
                  0x00061b          0x6 /opt/microchip/xc16/v1.31/bin/bin/../../lib/libm-elf.a(fixsfsi.eo)
 __c30_signature
                  0x000621          0x6 /opt/microchip/xc16/v1.31/bin/bin/../../lib/libm-elf.a(floatsisf.eo)
 __c30_signature
                  0x000627          0x6 /opt/microchip/xc16/v1.31/bin/bin/../../lib/libm-elf.a(fpack.eo)
 __c30_signature
                  0x00062d          0x6 /opt/microchip/xc16/v1.31/bin/bin/../../lib/libm-elf.a(funpack.eo)
 __c30_signature
                  0x000633          0x6 /opt/microchip/xc16/v1.31/bin/bin/../../lib/libm-elf.a(funpack2.eo)
 __c30_signature
                  0x000639          0x6 /opt/microchip/xc16/v1.31/bin/bin/../../lib/libm-elf.a(futil.eo)
 __c30_signature
                  0x00063f          0x6 /opt/microchip/xc16/v1.31/bin/bin/../../lib/libm-elf.a(mulsf3.eo)
 __c30_signature
                  0x000645          0x6 /opt/microchip/xc16/v1.31/bin/bin/../../lib/libm-elf.a(floatdisf.eo)
 __c30_signature
                  0x00064b          0x6 /opt/microchip/xc16/v1.31/bin/bin/../../lib/libm-elf.a(floatundisf.eo)

.nbss               0x0800         0x36
 .nbss              0x0800          0xc build/default/production/PrTPropaganda.o
 .nbss              0x080c          0xa build/default/production/SiTSio.o
 .nbss              0x0816          0x6 build/default/production/LeTLeds.o
 .nbss              0x081c          0x6 build/default/production/LcTLCD.o
 .nbss              0x0822          0x4 build/default/production/time.o
 .nbss              0x0826          0x4 build/default/production/AuTAudio.o
 .nbss              0x082a          0x4 build/default/production/PbTPushbutton.o
 .nbss              0x082e          0x4 build/default/production/BlTBacklight.o
 .nbss              0x0832          0x4 build/default/production/TPWM.o

.bss                0x0836        0x1ee
 .bss               0x0836        0x140 build/default/production/SiTSio.o
 .bss               0x0976         0x64 build/default/production/time.o
                    0x0976                  _s_Timers
 .bss               0x09da         0x46 build/default/production/PrTPropaganda.o
 .bss               0x0a20          0x4 build/default/production/TPWM.o

.ivt._T1Interrupt
                  0x00001a          0x2
 .ivt._T1Interrupt
                  0x00001a          0x2 build/default/production/time.o

.ivt._U1RXInterrupt
                  0x00002a          0x2
 .ivt._U1RXInterrupt
                  0x00002a          0x2 build/default/production/SiTSio.o

.const              0x855e        0x288 load address 0x00055e  
 .const             0x855e        0x27c build/default/production/PrTPropaganda.o
                    0x87c9                  _cadena
 .const             0x87da          0xc build/default/production/main.o

.text             0x0007e6       0x12bc
 .text            0x0007e6        0x560 build/default/production/LcTLCD.o
                  0x0007e6                  _LcInit
                  0x00088a                  _LcEnd
                  0x000896                  _LcClear
                  0x0008a8                  _LcCursorOn
                  0x0008b4                  _LcCursorOff
                  0x0008c0                  _LcGotoXY
                  0x00093a                  _LcPutChar
                  0x0009b8                  _LcPutString
                  0x0009d2                  _Espera
                  0x0009f0                  _CantaPartAlta
                  0x000a64                  _CantaPartBaixa
                  0x000ad6                  _CantaIR
                  0x000b74                  _CantaData
                  0x000c12                  _WaitForBusy
                  0x000c8c                  _EscriuPrimeraOrdre
 .text            0x000d46        0x46e build/default/production/PrTPropaganda.o
                  0x000d46                  _myItoa
                  0x000dde                  _Menu
                  0x000e34                  _getIDPos
                  0x000e40                  _initPropaganda
                  0x000e5a                  _MotorPropaganda
                  0x001026                  _getVelocitat
                  0x001044                  _initMotorLCD
                  0x001084                  _MotorLCD
 .text            0x0011b4        0x204 build/default/production/SiTSio.o
                  0x0011b4                  _SiInit
                  0x001228                  _MotorSIO
                  0x001296                  _SiPuts
                  0x0012b0                  _SiPutsCooperatiu
                  0x0012bc                  _SiCharAvail
                  0x0012c6                  _SiGetChar
                  0x0012ce                  _SiSendChar
                  0x00138c                  __U1RXInterrupt
 .text            0x0013b8        0x1c4 build/default/production/PbTPushbutton.o
                  0x0013b8                  _PbInit
                  0x0013ce                  _MotorPulsador
                  0x001554                  _getPB1
                  0x001568                  _getPB2
 .text            0x00157c        0x186 build/default/production/TPWM.o
                  0x00157c                  _PwInit
                  0x0015a2                  _MotorPWM
                  0x0016fa                  _getTemps
 .text            0x001702        0x10e build/default/production/time.o
                  0x001702                  _TimerInit
                  0x001708                  __T1Interrupt
                  0x001760                  _TiInit
                  0x001790                  _TiGetTimer
                  0x0017c6                  _TiResetTics
                  0x0017da                  _TiGetTics
                  0x0017f6                  _TiCloseTimer
                  0x00180a                  _TiEnd
 .text            0x001810         0xfc build/default/production/LeTLeds.o
                  0x001810                  _LeInit
                  0x001826                  _MotorLed
 .text            0x00190c         0xb0 build/default/production/AuTAudio.o
                  0x00190c                  _AuInit
                  0x001922                  _getAudioPeriode
                  0x00192a                  _setAudioPeriode
                  0x001938                  _getAudioStatus
                  0x00194a                  _MotorAudio
                  0x00199c                  _changeAudioStatus
 .text            0x0019bc         0x78 build/default/production/BlTBacklight.o
                  0x0019bc                  _BlInit
                  0x0019d2                  _BlMotor
                  0x001a20                  _getBlDuty
                  0x001a28                  _setBlDuty
 .text            0x001a34         0x6e build/default/production/AdTADC.o
                  0x001a34                  _AdInit
                  0x001a9a                  _AdGetMostra

.dinit            0x001aa2         0x50
 .dinit           0x001aa2         0x50 data_init

.text             0x001af2         0x88
 .text            0x001af2         0x4a build/default/production/main.o
                  0x001af2                  _initCPU
                  0x001afc                  _main
 .text            0x001b3c         0x3e build/default/production/SwTSwitch.o
                  0x001b3c                  _SwInit
                  0x001b4e                  _getSwitch1
                  0x001b64                  _getSwitch2
