MPLINK 5.08, LINKER
Linker Map File - Created Sat May 20 11:10:11 2017

                                 Section Info
                  Section       Type    Address   Location Size(Bytes)
                ---------  ---------  ---------  ---------  ---------
                   .org_0       code   0x000000    program   0x000004
                   .cinit    romdata   0x000004    program   0x000002
                   .org_1       code   0x000008    program   0x000004
                   .org_2       code   0x000018    program   0x0003d4
.config_300001_BUILD/DEFAULT/PRODUCTION/MAIN.O    romdata   0x300001    program   0x000001
.config_300003_BUILD/DEFAULT/PRODUCTION/MAIN.O    romdata   0x300003    program   0x000001
.config_300005_BUILD/DEFAULT/PRODUCTION/MAIN.O    romdata   0x300005    program   0x000001
.config_300006_BUILD/DEFAULT/PRODUCTION/MAIN.O    romdata   0x300006    program   0x000001



                              Program Memory Usage 
                               Start         End      
                           ---------   ---------      
                            0x000000    0x000005      
                            0x000008    0x00000b      
                            0x000018    0x0003eb      
                            0x300001    0x300001      
                            0x300003    0x300003      
                            0x300005    0x300006      
            994 out of 8472 program addresses used, program memory utilization is 11%



                              Symbols - Sorted by Name
                     Name    Address   Location    Storage File                     
                ---------  ---------  ---------  --------- ---------                
  ACTIVACIO_LEDS_CIRCULAR   0x0002a4    program     static C:\Users\gabri\git\Walkie-Textie\PhaseOne\AssemblerCode\main.asm
    ACTIVAR_LEDS_CIRCULAR   0x0002c0    program     static C:\Users\gabri\git\Walkie-Textie\PhaseOne\AssemblerCode\main.asm
      ACTIVAR_LEDS_PROCES   0x000362    program     static C:\Users\gabri\git\Walkie-Textie\PhaseOne\AssemblerCode\main.asm
           ACTIVA_LEDS_RF   0x0001aa    program     static C:\Users\gabri\git\Walkie-Textie\PhaseOne\AssemblerCode\main.asm
              APAGAR_LEDS   0x00035a    program     static C:\Users\gabri\git\Walkie-Textie\PhaseOne\AssemblerCode\main.asm
            BLINKING_10HZ   0x000324    program     static C:\Users\gabri\git\Walkie-Textie\PhaseOne\AssemblerCode\main.asm
             BLINKING_5HZ   0x00033c    program     static C:\Users\gabri\git\Walkie-Textie\PhaseOne\AssemblerCode\main.asm
              BUCLE_DESAR   0x0001ea    program     static C:\Users\gabri\git\Walkie-Textie\PhaseOne\AssemblerCode\main.asm
      BUCLE_ENVIAR_8_BITS   0x000162    program     static C:\Users\gabri\git\Walkie-Textie\PhaseOne\AssemblerCode\main.asm
  BUCLE_RESTANT_ENVIAR_RF   0x000154    program     static C:\Users\gabri\git\Walkie-Textie\PhaseOne\AssemblerCode\main.asm
       COMPROVACIO_10_SEG   0x0003da    program     static C:\Users\gabri\git\Walkie-Textie\PhaseOne\AssemblerCode\main.asm
     COMPROVA_APAGAR_10HZ   0x000332    program     static C:\Users\gabri\git\Walkie-Textie\PhaseOne\AssemblerCode\main.asm
      COMPROVA_APAGAR_5HZ   0x00034a    program     static C:\Users\gabri\git\Walkie-Textie\PhaseOne\AssemblerCode\main.asm
                     DESA   0x0001da    program     static C:\Users\gabri\git\Walkie-Textie\PhaseOne\AssemblerCode\main.asm
   DESA_SENSE_CONFIRMACIO   0x0001de    program     static C:\Users\gabri\git\Walkie-Textie\PhaseOne\AssemblerCode\main.asm
               DIVIDIR_10   0x000278    program     static C:\Users\gabri\git\Walkie-Textie\PhaseOne\AssemblerCode\main.asm
            ENCENDRE_LEDS   0x000354    program     static C:\Users\gabri\git\Walkie-Textie\PhaseOne\AssemblerCode\main.asm
                   ENVIAR   0x000128    program     static C:\Users\gabri\git\Walkie-Textie\PhaseOne\AssemblerCode\main.asm
ENVIAR_BIT_PRIMERA_MEITAT   0x00018c    program     static C:\Users\gabri\git\Walkie-Textie\PhaseOne\AssemblerCode\main.asm
 ENVIAR_BIT_SEGONA_MEITAT   0x000198    program     static C:\Users\gabri\git\Walkie-Textie\PhaseOne\AssemblerCode\main.asm
 ENVIAR_CONFIRMACIO_DESAR   0x00022e    program     static C:\Users\gabri\git\Walkie-Textie\PhaseOne\AssemblerCode\main.asm
 ENVIAR_CONFIRMACIO_DESAT   0x000224    program     static C:\Users\gabri\git\Walkie-Textie\PhaseOne\AssemblerCode\main.asm
    ENVIAR_CONFIRMACIO_RF   0x00021a    program     static C:\Users\gabri\git\Walkie-Textie\PhaseOne\AssemblerCode\main.asm
          ENVIAR_END_BYTE   0x000238    program     static C:\Users\gabri\git\Walkie-Textie\PhaseOne\AssemblerCode\main.asm
     ENVIAR_PETICIO_DESAR   0x00024a    program     static C:\Users\gabri\git\Walkie-Textie\PhaseOne\AssemblerCode\main.asm
                ENVIAR_RF   0x0000c8    program     static C:\Users\gabri\git\Walkie-Textie\PhaseOne\AssemblerCode\main.asm
ENVIAR_RF_SENSE_CONFIRMACIO   0x0000dc    program     static C:\Users\gabri\git\Walkie-Textie\PhaseOne\AssemblerCode\main.asm
                   ESPERA   0x000242    program     static C:\Users\gabri\git\Walkie-Textie\PhaseOne\AssemblerCode\main.asm
              ESPERA_16MS   0x0003c2    program     static C:\Users\gabri\git\Walkie-Textie\PhaseOne\AssemblerCode\main.asm
          ESPERA_BAIXAR_3   0x00039e    program     static C:\Users\gabri\git\Walkie-Textie\PhaseOne\AssemblerCode\main.asm
          ESPERA_BAIXAR_4   0x0003a6    program     static C:\Users\gabri\git\Walkie-Textie\PhaseOne\AssemblerCode\main.asm
        ESPERA_CANAL_ZERO   0x00010c    program     static C:\Users\gabri\git\Walkie-Textie\PhaseOne\AssemblerCode\main.asm
          ESPERA_POLSADOR   0x0003cc    program     static C:\Users\gabri\git\Walkie-Textie\PhaseOne\AssemblerCode\main.asm
              FINAL_BUCLE   0x000200    program     static C:\Users\gabri\git\Walkie-Textie\PhaseOne\AssemblerCode\main.asm
       FINAL_BUCLE_ENVIAR   0x00017a    program     static C:\Users\gabri\git\Walkie-Textie\PhaseOne\AssemblerCode\main.asm
                 FINAL_RF   0x0001c2    program     static C:\Users\gabri\git\Walkie-Textie\PhaseOne\AssemblerCode\main.asm
                 HIGH_INT   0x00001a    program     static C:\Users\gabri\git\Walkie-Textie\PhaseOne\AssemblerCode\main.asm
            HI_INT_VECTOR   0x000008    program     static C:\Users\gabri\git\Walkie-Textie\PhaseOne\AssemblerCode\main.asm
               INIT_PORTS   0x00004e    program     static C:\Users\gabri\git\Walkie-Textie\PhaseOne\AssemblerCode\main.asm
                 INIT_SIO   0x00003c    program     static C:\Users\gabri\git\Walkie-Textie\PhaseOne\AssemblerCode\main.asm
               INIT_TIMER   0x00006e    program     static C:\Users\gabri\git\Walkie-Textie\PhaseOne\AssemblerCode\main.asm
                INIT_VARS   0x000022    program     static C:\Users\gabri\git\Walkie-Textie\PhaseOne\AssemblerCode\main.asm
            LEDS_CIRCULAR   0x0002b6    program     static C:\Users\gabri\git\Walkie-Textie\PhaseOne\AssemblerCode\main.asm
      LEDS_CIRCULAR_DRETA   0x0002c8    program     static C:\Users\gabri\git\Walkie-Textie\PhaseOne\AssemblerCode\main.asm
LEDS_CIRCULAR_DRETA_ESQUERRA   0x0002e8    program     static C:\Users\gabri\git\Walkie-Textie\PhaseOne\AssemblerCode\main.asm
 LEDS_CIRCULAR_DRETA_LATB   0x0002dc    program     static C:\Users\gabri\git\Walkie-Textie\PhaseOne\AssemblerCode\main.asm
LEDS_CIRCULAR_DRETA_SEGONA_PART   0x0002f0    program     static C:\Users\gabri\git\Walkie-Textie\PhaseOne\AssemblerCode\main.asm
   LEDS_CIRCULAR_ESQUERRA   0x0002f6    program     static C:\Users\gabri\git\Walkie-Textie\PhaseOne\AssemblerCode\main.asm
LEDS_CIRCULAR_ESQUERRA_DRETA   0x00030a    program     static C:\Users\gabri\git\Walkie-Textie\PhaseOne\AssemblerCode\main.asm
LEDS_CIRCULAR_ESQUERRA_LATB   0x000312    program     static C:\Users\gabri\git\Walkie-Textie\PhaseOne\AssemblerCode\main.asm
LEDS_CIRCULAR_ESQ_SEGONA_PART   0x00031e    program     static C:\Users\gabri\git\Walkie-Textie\PhaseOne\AssemblerCode\main.asm
         LEDS_PROCES_LATB   0x00037a    program     static C:\Users\gabri\git\Walkie-Textie\PhaseOne\AssemblerCode\main.asm
   LEDS_PROCES_LATB_INICI   0x000386    program     static C:\Users\gabri\git\Walkie-Textie\PhaseOne\AssemblerCode\main.asm
      LEDS_PROCES_MAJOR_1   0x00036e    program     static C:\Users\gabri\git\Walkie-Textie\PhaseOne\AssemblerCode\main.asm
                     LOOP   0x00009a    program     static C:\Users\gabri\git\Walkie-Textie\PhaseOne\AssemblerCode\main.asm
           LOW_INT_VECTOR   0x000018    program     static C:\Users\gabri\git\Walkie-Textie\PhaseOne\AssemblerCode\main.asm
                     MAIN   0x00008a    program     static C:\Users\gabri\git\Walkie-Textie\PhaseOne\AssemblerCode\main.asm
                NETEJA_RF   0x0000ec    program     static C:\Users\gabri\git\Walkie-Textie\PhaseOne\AssemblerCode\main.asm
    POLS_CARREGA_MISSATGE   0x00038a    program     static C:\Users\gabri\git\Walkie-Textie\PhaseOne\AssemblerCode\main.asm
           POLS_ENVIAR_RF   0x0003ae    program     static C:\Users\gabri\git\Walkie-Textie\PhaseOne\AssemblerCode\main.asm
             PRE_FINAL_RF   0x0001b4    program     static C:\Users\gabri\git\Walkie-Textie\PhaseOne\AssemblerCode\main.asm
                    REBUT   0x00025a    program     static C:\Users\gabri\git\Walkie-Textie\PhaseOne\AssemblerCode\main.asm
              RESET_TIMER   0x00007e    program     static C:\Users\gabri\git\Walkie-Textie\PhaseOne\AssemblerCode\main.asm
             RESET_VECTOR   0x000000    program     static C:\Users\gabri\git\Walkie-Textie\PhaseOne\AssemblerCode\main.asm
           RESTART_COMPTA   0x000214    program     static C:\Users\gabri\git\Walkie-Textie\PhaseOne\AssemblerCode\main.asm
         RETORNA_POLSADOR   0x0003e8    program     static C:\Users\gabri\git\Walkie-Textie\PhaseOne\AssemblerCode\main.asm
         SET_PRIMERA_PART   0x0000fc    program     static C:\Users\gabri\git\Walkie-Textie\PhaseOne\AssemblerCode\main.asm
          SET_SEGONA_PART   0x000102    program     static C:\Users\gabri\git\Walkie-Textie\PhaseOne\AssemblerCode\main.asm
           SUMA_PART_ALTA   0x00029a    program     static C:\Users\gabri\git\Walkie-Textie\PhaseOne\AssemblerCode\main.asm
                 TEMPS_10   0x00011a    program     static C:\Users\gabri\git\Walkie-Textie\PhaseOne\AssemblerCode\main.asm
             _.org_2_01D0   0x0001d0    program     static C:\Users\gabri\git\Walkie-Textie\PhaseOne\AssemblerCode\main.asm
             _.org_2_03A0   0x0003a0    program     static C:\Users\gabri\git\Walkie-Textie\PhaseOne\AssemblerCode\main.asm
             _.org_2_03A8   0x0003a8    program     static C:\Users\gabri\git\Walkie-Textie\PhaseOne\AssemblerCode\main.asm
             _.org_2_03C6   0x0003c6    program     static C:\Users\gabri\git\Walkie-Textie\PhaseOne\AssemblerCode\main.asm



                              Symbols - Sorted by Address
                     Name    Address   Location    Storage File                     
                ---------  ---------  ---------  --------- ---------                
             RESET_VECTOR   0x000000    program     static C:\Users\gabri\git\Walkie-Textie\PhaseOne\AssemblerCode\main.asm
            HI_INT_VECTOR   0x000008    program     static C:\Users\gabri\git\Walkie-Textie\PhaseOne\AssemblerCode\main.asm
           LOW_INT_VECTOR   0x000018    program     static C:\Users\gabri\git\Walkie-Textie\PhaseOne\AssemblerCode\main.asm
                 HIGH_INT   0x00001a    program     static C:\Users\gabri\git\Walkie-Textie\PhaseOne\AssemblerCode\main.asm
                INIT_VARS   0x000022    program     static C:\Users\gabri\git\Walkie-Textie\PhaseOne\AssemblerCode\main.asm
                 INIT_SIO   0x00003c    program     static C:\Users\gabri\git\Walkie-Textie\PhaseOne\AssemblerCode\main.asm
               INIT_PORTS   0x00004e    program     static C:\Users\gabri\git\Walkie-Textie\PhaseOne\AssemblerCode\main.asm
               INIT_TIMER   0x00006e    program     static C:\Users\gabri\git\Walkie-Textie\PhaseOne\AssemblerCode\main.asm
              RESET_TIMER   0x00007e    program     static C:\Users\gabri\git\Walkie-Textie\PhaseOne\AssemblerCode\main.asm
                     MAIN   0x00008a    program     static C:\Users\gabri\git\Walkie-Textie\PhaseOne\AssemblerCode\main.asm
                     LOOP   0x00009a    program     static C:\Users\gabri\git\Walkie-Textie\PhaseOne\AssemblerCode\main.asm
                ENVIAR_RF   0x0000c8    program     static C:\Users\gabri\git\Walkie-Textie\PhaseOne\AssemblerCode\main.asm
ENVIAR_RF_SENSE_CONFIRMACIO   0x0000dc    program     static C:\Users\gabri\git\Walkie-Textie\PhaseOne\AssemblerCode\main.asm
                NETEJA_RF   0x0000ec    program     static C:\Users\gabri\git\Walkie-Textie\PhaseOne\AssemblerCode\main.asm
         SET_PRIMERA_PART   0x0000fc    program     static C:\Users\gabri\git\Walkie-Textie\PhaseOne\AssemblerCode\main.asm
          SET_SEGONA_PART   0x000102    program     static C:\Users\gabri\git\Walkie-Textie\PhaseOne\AssemblerCode\main.asm
        ESPERA_CANAL_ZERO   0x00010c    program     static C:\Users\gabri\git\Walkie-Textie\PhaseOne\AssemblerCode\main.asm
                 TEMPS_10   0x00011a    program     static C:\Users\gabri\git\Walkie-Textie\PhaseOne\AssemblerCode\main.asm
                   ENVIAR   0x000128    program     static C:\Users\gabri\git\Walkie-Textie\PhaseOne\AssemblerCode\main.asm
  BUCLE_RESTANT_ENVIAR_RF   0x000154    program     static C:\Users\gabri\git\Walkie-Textie\PhaseOne\AssemblerCode\main.asm
      BUCLE_ENVIAR_8_BITS   0x000162    program     static C:\Users\gabri\git\Walkie-Textie\PhaseOne\AssemblerCode\main.asm
       FINAL_BUCLE_ENVIAR   0x00017a    program     static C:\Users\gabri\git\Walkie-Textie\PhaseOne\AssemblerCode\main.asm
ENVIAR_BIT_PRIMERA_MEITAT   0x00018c    program     static C:\Users\gabri\git\Walkie-Textie\PhaseOne\AssemblerCode\main.asm
 ENVIAR_BIT_SEGONA_MEITAT   0x000198    program     static C:\Users\gabri\git\Walkie-Textie\PhaseOne\AssemblerCode\main.asm
           ACTIVA_LEDS_RF   0x0001aa    program     static C:\Users\gabri\git\Walkie-Textie\PhaseOne\AssemblerCode\main.asm
             PRE_FINAL_RF   0x0001b4    program     static C:\Users\gabri\git\Walkie-Textie\PhaseOne\AssemblerCode\main.asm
                 FINAL_RF   0x0001c2    program     static C:\Users\gabri\git\Walkie-Textie\PhaseOne\AssemblerCode\main.asm
             _.org_2_01D0   0x0001d0    program     static C:\Users\gabri\git\Walkie-Textie\PhaseOne\AssemblerCode\main.asm
                     DESA   0x0001da    program     static C:\Users\gabri\git\Walkie-Textie\PhaseOne\AssemblerCode\main.asm
   DESA_SENSE_CONFIRMACIO   0x0001de    program     static C:\Users\gabri\git\Walkie-Textie\PhaseOne\AssemblerCode\main.asm
              BUCLE_DESAR   0x0001ea    program     static C:\Users\gabri\git\Walkie-Textie\PhaseOne\AssemblerCode\main.asm
              FINAL_BUCLE   0x000200    program     static C:\Users\gabri\git\Walkie-Textie\PhaseOne\AssemblerCode\main.asm
           RESTART_COMPTA   0x000214    program     static C:\Users\gabri\git\Walkie-Textie\PhaseOne\AssemblerCode\main.asm
    ENVIAR_CONFIRMACIO_RF   0x00021a    program     static C:\Users\gabri\git\Walkie-Textie\PhaseOne\AssemblerCode\main.asm
 ENVIAR_CONFIRMACIO_DESAT   0x000224    program     static C:\Users\gabri\git\Walkie-Textie\PhaseOne\AssemblerCode\main.asm
 ENVIAR_CONFIRMACIO_DESAR   0x00022e    program     static C:\Users\gabri\git\Walkie-Textie\PhaseOne\AssemblerCode\main.asm
          ENVIAR_END_BYTE   0x000238    program     static C:\Users\gabri\git\Walkie-Textie\PhaseOne\AssemblerCode\main.asm
                   ESPERA   0x000242    program     static C:\Users\gabri\git\Walkie-Textie\PhaseOne\AssemblerCode\main.asm
     ENVIAR_PETICIO_DESAR   0x00024a    program     static C:\Users\gabri\git\Walkie-Textie\PhaseOne\AssemblerCode\main.asm
                    REBUT   0x00025a    program     static C:\Users\gabri\git\Walkie-Textie\PhaseOne\AssemblerCode\main.asm
               DIVIDIR_10   0x000278    program     static C:\Users\gabri\git\Walkie-Textie\PhaseOne\AssemblerCode\main.asm
           SUMA_PART_ALTA   0x00029a    program     static C:\Users\gabri\git\Walkie-Textie\PhaseOne\AssemblerCode\main.asm
  ACTIVACIO_LEDS_CIRCULAR   0x0002a4    program     static C:\Users\gabri\git\Walkie-Textie\PhaseOne\AssemblerCode\main.asm
            LEDS_CIRCULAR   0x0002b6    program     static C:\Users\gabri\git\Walkie-Textie\PhaseOne\AssemblerCode\main.asm
    ACTIVAR_LEDS_CIRCULAR   0x0002c0    program     static C:\Users\gabri\git\Walkie-Textie\PhaseOne\AssemblerCode\main.asm
      LEDS_CIRCULAR_DRETA   0x0002c8    program     static C:\Users\gabri\git\Walkie-Textie\PhaseOne\AssemblerCode\main.asm
 LEDS_CIRCULAR_DRETA_LATB   0x0002dc    program     static C:\Users\gabri\git\Walkie-Textie\PhaseOne\AssemblerCode\main.asm
LEDS_CIRCULAR_DRETA_ESQUERRA   0x0002e8    program     static C:\Users\gabri\git\Walkie-Textie\PhaseOne\AssemblerCode\main.asm
LEDS_CIRCULAR_DRETA_SEGONA_PART   0x0002f0    program     static C:\Users\gabri\git\Walkie-Textie\PhaseOne\AssemblerCode\main.asm
   LEDS_CIRCULAR_ESQUERRA   0x0002f6    program     static C:\Users\gabri\git\Walkie-Textie\PhaseOne\AssemblerCode\main.asm
LEDS_CIRCULAR_ESQUERRA_DRETA   0x00030a    program     static C:\Users\gabri\git\Walkie-Textie\PhaseOne\AssemblerCode\main.asm
LEDS_CIRCULAR_ESQUERRA_LATB   0x000312    program     static C:\Users\gabri\git\Walkie-Textie\PhaseOne\AssemblerCode\main.asm
LEDS_CIRCULAR_ESQ_SEGONA_PART   0x00031e    program     static C:\Users\gabri\git\Walkie-Textie\PhaseOne\AssemblerCode\main.asm
            BLINKING_10HZ   0x000324    program     static C:\Users\gabri\git\Walkie-Textie\PhaseOne\AssemblerCode\main.asm
     COMPROVA_APAGAR_10HZ   0x000332    program     static C:\Users\gabri\git\Walkie-Textie\PhaseOne\AssemblerCode\main.asm
             BLINKING_5HZ   0x00033c    program     static C:\Users\gabri\git\Walkie-Textie\PhaseOne\AssemblerCode\main.asm
      COMPROVA_APAGAR_5HZ   0x00034a    program     static C:\Users\gabri\git\Walkie-Textie\PhaseOne\AssemblerCode\main.asm
            ENCENDRE_LEDS   0x000354    program     static C:\Users\gabri\git\Walkie-Textie\PhaseOne\AssemblerCode\main.asm
              APAGAR_LEDS   0x00035a    program     static C:\Users\gabri\git\Walkie-Textie\PhaseOne\AssemblerCode\main.asm
      ACTIVAR_LEDS_PROCES   0x000362    program     static C:\Users\gabri\git\Walkie-Textie\PhaseOne\AssemblerCode\main.asm
      LEDS_PROCES_MAJOR_1   0x00036e    program     static C:\Users\gabri\git\Walkie-Textie\PhaseOne\AssemblerCode\main.asm
         LEDS_PROCES_LATB   0x00037a    program     static C:\Users\gabri\git\Walkie-Textie\PhaseOne\AssemblerCode\main.asm
   LEDS_PROCES_LATB_INICI   0x000386    program     static C:\Users\gabri\git\Walkie-Textie\PhaseOne\AssemblerCode\main.asm
    POLS_CARREGA_MISSATGE   0x00038a    program     static C:\Users\gabri\git\Walkie-Textie\PhaseOne\AssemblerCode\main.asm
          ESPERA_BAIXAR_3   0x00039e    program     static C:\Users\gabri\git\Walkie-Textie\PhaseOne\AssemblerCode\main.asm
             _.org_2_03A0   0x0003a0    program     static C:\Users\gabri\git\Walkie-Textie\PhaseOne\AssemblerCode\main.asm
          ESPERA_BAIXAR_4   0x0003a6    program     static C:\Users\gabri\git\Walkie-Textie\PhaseOne\AssemblerCode\main.asm
             _.org_2_03A8   0x0003a8    program     static C:\Users\gabri\git\Walkie-Textie\PhaseOne\AssemblerCode\main.asm
           POLS_ENVIAR_RF   0x0003ae    program     static C:\Users\gabri\git\Walkie-Textie\PhaseOne\AssemblerCode\main.asm
              ESPERA_16MS   0x0003c2    program     static C:\Users\gabri\git\Walkie-Textie\PhaseOne\AssemblerCode\main.asm
             _.org_2_03C6   0x0003c6    program     static C:\Users\gabri\git\Walkie-Textie\PhaseOne\AssemblerCode\main.asm
          ESPERA_POLSADOR   0x0003cc    program     static C:\Users\gabri\git\Walkie-Textie\PhaseOne\AssemblerCode\main.asm
       COMPROVACIO_10_SEG   0x0003da    program     static C:\Users\gabri\git\Walkie-Textie\PhaseOne\AssemblerCode\main.asm
         RETORNA_POLSADOR   0x0003e8    program     static C:\Users\gabri\git\Walkie-Textie\PhaseOne\AssemblerCode\main.asm


