MPLINK 5.08, LINKER
Linker Map File - Created Fri Apr 14 11:36:01 2017

                                 Section Info
                  Section       Type    Address   Location Size(Bytes)
                ---------  ---------  ---------  ---------  ---------
                   .org_0       code   0x000000    program   0x000004
                   .cinit    romdata   0x000004    program   0x000002
                   .org_1       code   0x000008    program   0x000004
                   .org_2       code   0x000018    program   0x0002d0
.config_300001_BUILD/DEFAULT/PRODUCTION/MAIN.O    romdata   0x300001    program   0x000001
.config_300003_BUILD/DEFAULT/PRODUCTION/MAIN.O    romdata   0x300003    program   0x000001
.config_300005_BUILD/DEFAULT/PRODUCTION/MAIN.O    romdata   0x300005    program   0x000001



                              Program Memory Usage 
                               Start         End      
                           ---------   ---------      
                            0x000000    0x000005      
                            0x000008    0x00000b      
                            0x000018    0x0002e7      
                            0x300001    0x300001      
                            0x300003    0x300003      
                            0x300005    0x300005      
            733 out of 8472 program addresses used, program memory utilization is 8%



                              Symbols - Sorted by Name
                     Name    Address   Location    Storage File                     
                ---------  ---------  ---------  --------- ---------                
  ACTIVACIO_LEDS_CIRCULAR   0x00020e    program     static C:\Users\gabri\git\Walkie-Textie\AssemblerCode\main.asm
    ACTIVAR_LEDS_CIRCULAR   0x000228    program     static C:\Users\gabri\git\Walkie-Textie\AssemblerCode\main.asm
      ACTIVAR_LEDS_PROCES   0x000132    program     static C:\Users\gabri\git\Walkie-Textie\AssemblerCode\main.asm
              APAGAR_LEDS   0x0002c2    program     static C:\Users\gabri\git\Walkie-Textie\AssemblerCode\main.asm
            BLINKING_10HZ   0x00028c    program     static C:\Users\gabri\git\Walkie-Textie\AssemblerCode\main.asm
             BLINKING_5HZ   0x0002a4    program     static C:\Users\gabri\git\Walkie-Textie\AssemblerCode\main.asm
              BUCLE_DESAR   0x000184    program     static C:\Users\gabri\git\Walkie-Textie\AssemblerCode\main.asm
      BUCLE_ENVIAR_8_BITS   0x0000e4    program     static C:\Users\gabri\git\Walkie-Textie\AssemblerCode\main.asm
BUCLE_INDEX_DIVISOR_ENVIAR_RF   0x0000d6    program     static C:\Users\gabri\git\Walkie-Textie\AssemblerCode\main.asm
     BUCLE_LEDS_ENVIAR_RF   0x0000ce    program     static C:\Users\gabri\git\Walkie-Textie\AssemblerCode\main.asm
       COMPROVACIO_10_SEG   0x0002d8    program     static C:\Users\gabri\git\Walkie-Textie\AssemblerCode\main.asm
     COMPROVA_APAGAR_10HZ   0x00029a    program     static C:\Users\gabri\git\Walkie-Textie\AssemblerCode\main.asm
      COMPROVA_APAGAR_5HZ   0x0002b2    program     static C:\Users\gabri\git\Walkie-Textie\AssemblerCode\main.asm
                     DESA   0x00017a    program     static C:\Users\gabri\git\Walkie-Textie\AssemblerCode\main.asm
   DESA_SENSE_CONFIRMACIO   0x00017e    program     static C:\Users\gabri\git\Walkie-Textie\AssemblerCode\main.asm
               DIVIDIR_10   0x0001f8    program     static C:\Users\gabri\git\Walkie-Textie\AssemblerCode\main.asm
            ENCENDRE_LEDS   0x0002bc    program     static C:\Users\gabri\git\Walkie-Textie\AssemblerCode\main.asm
ENVIAR_BIT_PRIMERA_MEITAT   0x000110    program     static C:\Users\gabri\git\Walkie-Textie\AssemblerCode\main.asm
 ENVIAR_BIT_SEGONA_MEITAT   0x00011c    program     static C:\Users\gabri\git\Walkie-Textie\AssemblerCode\main.asm
ENVIAR_CONFIRMACIO_BYTE_ENVIAT   0x0001be    program     static C:\Users\gabri\git\Walkie-Textie\AssemblerCode\main.asm
 ENVIAR_CONFIRMACIO_DESAR   0x0001c8    program     static C:\Users\gabri\git\Walkie-Textie\AssemblerCode\main.asm
 ENVIAR_CONFIRMACIO_DESAT   0x0001b4    program     static C:\Users\gabri\git\Walkie-Textie\AssemblerCode\main.asm
    ENVIAR_CONFIRMACIO_RF   0x0001a8    program     static C:\Users\gabri\git\Walkie-Textie\AssemblerCode\main.asm
          ENVIAR_END_BYTE   0x0001d2    program     static C:\Users\gabri\git\Walkie-Textie\AssemblerCode\main.asm
     ENVIAR_PETICIO_DESAR   0x0001e4    program     static C:\Users\gabri\git\Walkie-Textie\AssemblerCode\main.asm
                ENVIAR_RF   0x0000ac    program     static C:\Users\gabri\git\Walkie-Textie\AssemblerCode\main.asm
                   ESPERA   0x0001dc    program     static C:\Users\gabri\git\Walkie-Textie\AssemblerCode\main.asm
          ESPERA_POLSADOR   0x0002ce    program     static C:\Users\gabri\git\Walkie-Textie\AssemblerCode\main.asm
       FINAL_BUCLE_ENVIAR   0x0000fc    program     static C:\Users\gabri\git\Walkie-Textie\AssemblerCode\main.asm
FINAL_BUCLE_INDEX_DIVISOR   0x000104    program     static C:\Users\gabri\git\Walkie-Textie\AssemblerCode\main.asm
                 FINAL_RF   0x000150    program     static C:\Users\gabri\git\Walkie-Textie\AssemblerCode\main.asm
                 HIGH_INT   0x00001a    program     static C:\Users\gabri\git\Walkie-Textie\AssemblerCode\main.asm
            HI_INT_VECTOR   0x000008    program     static C:\Users\gabri\git\Walkie-Textie\AssemblerCode\main.asm
   INCREMENTAR_SENSE_LEDS   0x0002e4    program     static C:\Users\gabri\git\Walkie-Textie\AssemblerCode\main.asm
               INIT_PORTS   0x000038    program     static C:\Users\gabri\git\Walkie-Textie\AssemblerCode\main.asm
                 INIT_SIO   0x000026    program     static C:\Users\gabri\git\Walkie-Textie\AssemblerCode\main.asm
               INIT_TIMER   0x000052    program     static C:\Users\gabri\git\Walkie-Textie\AssemblerCode\main.asm
                INIT_VARS   0x000022    program     static C:\Users\gabri\git\Walkie-Textie\AssemblerCode\main.asm
            LEDS_CIRCULAR   0x00021e    program     static C:\Users\gabri\git\Walkie-Textie\AssemblerCode\main.asm
      LEDS_CIRCULAR_DRETA   0x000230    program     static C:\Users\gabri\git\Walkie-Textie\AssemblerCode\main.asm
LEDS_CIRCULAR_DRETA_ESQUERRA   0x000250    program     static C:\Users\gabri\git\Walkie-Textie\AssemblerCode\main.asm
 LEDS_CIRCULAR_DRETA_LATB   0x000244    program     static C:\Users\gabri\git\Walkie-Textie\AssemblerCode\main.asm
LEDS_CIRCULAR_DRETA_SEGONA_PART   0x000258    program     static C:\Users\gabri\git\Walkie-Textie\AssemblerCode\main.asm
   LEDS_CIRCULAR_ESQUERRA   0x00025e    program     static C:\Users\gabri\git\Walkie-Textie\AssemblerCode\main.asm
LEDS_CIRCULAR_ESQUERRA_DRETA   0x000272    program     static C:\Users\gabri\git\Walkie-Textie\AssemblerCode\main.asm
LEDS_CIRCULAR_ESQUERRA_LATB   0x00027a    program     static C:\Users\gabri\git\Walkie-Textie\AssemblerCode\main.asm
LEDS_CIRCULAR_ESQ_SEGONA_PART   0x000286    program     static C:\Users\gabri\git\Walkie-Textie\AssemblerCode\main.asm
         LEDS_PROCES_LATB   0x00014a    program     static C:\Users\gabri\git\Walkie-Textie\AssemblerCode\main.asm
      LEDS_PROCES_MAJOR_1   0x00013e    program     static C:\Users\gabri\git\Walkie-Textie\AssemblerCode\main.asm
                     LOOP   0x00007e    program     static C:\Users\gabri\git\Walkie-Textie\AssemblerCode\main.asm
           LOW_INT_VECTOR   0x000018    program     static C:\Users\gabri\git\Walkie-Textie\AssemblerCode\main.asm
                     MAIN   0x00006e    program     static C:\Users\gabri\git\Walkie-Textie\AssemblerCode\main.asm
    POLS_CARREGA_MISSATGE   0x0002ca    program     static C:\Users\gabri\git\Walkie-Textie\AssemblerCode\main.asm
           POLS_ENVIAR_RF   0x0002cc    program     static C:\Users\gabri\git\Walkie-Textie\AssemblerCode\main.asm
                    REBUT   0x00015c    program     static C:\Users\gabri\git\Walkie-Textie\AssemblerCode\main.asm
              RESET_TIMER   0x000062    program     static C:\Users\gabri\git\Walkie-Textie\AssemblerCode\main.asm
             RESET_VECTOR   0x000000    program     static C:\Users\gabri\git\Walkie-Textie\AssemblerCode\main.asm
            RETORNA_DESAR   0x0001a0    program     static C:\Users\gabri\git\Walkie-Textie\AssemblerCode\main.asm



                              Symbols - Sorted by Address
                     Name    Address   Location    Storage File                     
                ---------  ---------  ---------  --------- ---------                
             RESET_VECTOR   0x000000    program     static C:\Users\gabri\git\Walkie-Textie\AssemblerCode\main.asm
            HI_INT_VECTOR   0x000008    program     static C:\Users\gabri\git\Walkie-Textie\AssemblerCode\main.asm
           LOW_INT_VECTOR   0x000018    program     static C:\Users\gabri\git\Walkie-Textie\AssemblerCode\main.asm
                 HIGH_INT   0x00001a    program     static C:\Users\gabri\git\Walkie-Textie\AssemblerCode\main.asm
                INIT_VARS   0x000022    program     static C:\Users\gabri\git\Walkie-Textie\AssemblerCode\main.asm
                 INIT_SIO   0x000026    program     static C:\Users\gabri\git\Walkie-Textie\AssemblerCode\main.asm
               INIT_PORTS   0x000038    program     static C:\Users\gabri\git\Walkie-Textie\AssemblerCode\main.asm
               INIT_TIMER   0x000052    program     static C:\Users\gabri\git\Walkie-Textie\AssemblerCode\main.asm
              RESET_TIMER   0x000062    program     static C:\Users\gabri\git\Walkie-Textie\AssemblerCode\main.asm
                     MAIN   0x00006e    program     static C:\Users\gabri\git\Walkie-Textie\AssemblerCode\main.asm
                     LOOP   0x00007e    program     static C:\Users\gabri\git\Walkie-Textie\AssemblerCode\main.asm
                ENVIAR_RF   0x0000ac    program     static C:\Users\gabri\git\Walkie-Textie\AssemblerCode\main.asm
     BUCLE_LEDS_ENVIAR_RF   0x0000ce    program     static C:\Users\gabri\git\Walkie-Textie\AssemblerCode\main.asm
BUCLE_INDEX_DIVISOR_ENVIAR_RF   0x0000d6    program     static C:\Users\gabri\git\Walkie-Textie\AssemblerCode\main.asm
      BUCLE_ENVIAR_8_BITS   0x0000e4    program     static C:\Users\gabri\git\Walkie-Textie\AssemblerCode\main.asm
       FINAL_BUCLE_ENVIAR   0x0000fc    program     static C:\Users\gabri\git\Walkie-Textie\AssemblerCode\main.asm
FINAL_BUCLE_INDEX_DIVISOR   0x000104    program     static C:\Users\gabri\git\Walkie-Textie\AssemblerCode\main.asm
ENVIAR_BIT_PRIMERA_MEITAT   0x000110    program     static C:\Users\gabri\git\Walkie-Textie\AssemblerCode\main.asm
 ENVIAR_BIT_SEGONA_MEITAT   0x00011c    program     static C:\Users\gabri\git\Walkie-Textie\AssemblerCode\main.asm
      ACTIVAR_LEDS_PROCES   0x000132    program     static C:\Users\gabri\git\Walkie-Textie\AssemblerCode\main.asm
      LEDS_PROCES_MAJOR_1   0x00013e    program     static C:\Users\gabri\git\Walkie-Textie\AssemblerCode\main.asm
         LEDS_PROCES_LATB   0x00014a    program     static C:\Users\gabri\git\Walkie-Textie\AssemblerCode\main.asm
                 FINAL_RF   0x000150    program     static C:\Users\gabri\git\Walkie-Textie\AssemblerCode\main.asm
                    REBUT   0x00015c    program     static C:\Users\gabri\git\Walkie-Textie\AssemblerCode\main.asm
                     DESA   0x00017a    program     static C:\Users\gabri\git\Walkie-Textie\AssemblerCode\main.asm
   DESA_SENSE_CONFIRMACIO   0x00017e    program     static C:\Users\gabri\git\Walkie-Textie\AssemblerCode\main.asm
              BUCLE_DESAR   0x000184    program     static C:\Users\gabri\git\Walkie-Textie\AssemblerCode\main.asm
            RETORNA_DESAR   0x0001a0    program     static C:\Users\gabri\git\Walkie-Textie\AssemblerCode\main.asm
    ENVIAR_CONFIRMACIO_RF   0x0001a8    program     static C:\Users\gabri\git\Walkie-Textie\AssemblerCode\main.asm
 ENVIAR_CONFIRMACIO_DESAT   0x0001b4    program     static C:\Users\gabri\git\Walkie-Textie\AssemblerCode\main.asm
ENVIAR_CONFIRMACIO_BYTE_ENVIAT   0x0001be    program     static C:\Users\gabri\git\Walkie-Textie\AssemblerCode\main.asm
 ENVIAR_CONFIRMACIO_DESAR   0x0001c8    program     static C:\Users\gabri\git\Walkie-Textie\AssemblerCode\main.asm
          ENVIAR_END_BYTE   0x0001d2    program     static C:\Users\gabri\git\Walkie-Textie\AssemblerCode\main.asm
                   ESPERA   0x0001dc    program     static C:\Users\gabri\git\Walkie-Textie\AssemblerCode\main.asm
     ENVIAR_PETICIO_DESAR   0x0001e4    program     static C:\Users\gabri\git\Walkie-Textie\AssemblerCode\main.asm
               DIVIDIR_10   0x0001f8    program     static C:\Users\gabri\git\Walkie-Textie\AssemblerCode\main.asm
  ACTIVACIO_LEDS_CIRCULAR   0x00020e    program     static C:\Users\gabri\git\Walkie-Textie\AssemblerCode\main.asm
            LEDS_CIRCULAR   0x00021e    program     static C:\Users\gabri\git\Walkie-Textie\AssemblerCode\main.asm
    ACTIVAR_LEDS_CIRCULAR   0x000228    program     static C:\Users\gabri\git\Walkie-Textie\AssemblerCode\main.asm
      LEDS_CIRCULAR_DRETA   0x000230    program     static C:\Users\gabri\git\Walkie-Textie\AssemblerCode\main.asm
 LEDS_CIRCULAR_DRETA_LATB   0x000244    program     static C:\Users\gabri\git\Walkie-Textie\AssemblerCode\main.asm
LEDS_CIRCULAR_DRETA_ESQUERRA   0x000250    program     static C:\Users\gabri\git\Walkie-Textie\AssemblerCode\main.asm
LEDS_CIRCULAR_DRETA_SEGONA_PART   0x000258    program     static C:\Users\gabri\git\Walkie-Textie\AssemblerCode\main.asm
   LEDS_CIRCULAR_ESQUERRA   0x00025e    program     static C:\Users\gabri\git\Walkie-Textie\AssemblerCode\main.asm
LEDS_CIRCULAR_ESQUERRA_DRETA   0x000272    program     static C:\Users\gabri\git\Walkie-Textie\AssemblerCode\main.asm
LEDS_CIRCULAR_ESQUERRA_LATB   0x00027a    program     static C:\Users\gabri\git\Walkie-Textie\AssemblerCode\main.asm
LEDS_CIRCULAR_ESQ_SEGONA_PART   0x000286    program     static C:\Users\gabri\git\Walkie-Textie\AssemblerCode\main.asm
            BLINKING_10HZ   0x00028c    program     static C:\Users\gabri\git\Walkie-Textie\AssemblerCode\main.asm
     COMPROVA_APAGAR_10HZ   0x00029a    program     static C:\Users\gabri\git\Walkie-Textie\AssemblerCode\main.asm
             BLINKING_5HZ   0x0002a4    program     static C:\Users\gabri\git\Walkie-Textie\AssemblerCode\main.asm
      COMPROVA_APAGAR_5HZ   0x0002b2    program     static C:\Users\gabri\git\Walkie-Textie\AssemblerCode\main.asm
            ENCENDRE_LEDS   0x0002bc    program     static C:\Users\gabri\git\Walkie-Textie\AssemblerCode\main.asm
              APAGAR_LEDS   0x0002c2    program     static C:\Users\gabri\git\Walkie-Textie\AssemblerCode\main.asm
    POLS_CARREGA_MISSATGE   0x0002ca    program     static C:\Users\gabri\git\Walkie-Textie\AssemblerCode\main.asm
           POLS_ENVIAR_RF   0x0002cc    program     static C:\Users\gabri\git\Walkie-Textie\AssemblerCode\main.asm
          ESPERA_POLSADOR   0x0002ce    program     static C:\Users\gabri\git\Walkie-Textie\AssemblerCode\main.asm
       COMPROVACIO_10_SEG   0x0002d8    program     static C:\Users\gabri\git\Walkie-Textie\AssemblerCode\main.asm
   INCREMENTAR_SENSE_LEDS   0x0002e4    program     static C:\Users\gabri\git\Walkie-Textie\AssemblerCode\main.asm


