MPLINK 5.08, LINKER
Linker Map File - Created Thu Apr 20 20:16:19 2017

                                 Section Info
                  Section       Type    Address   Location Size(Bytes)
                ---------  ---------  ---------  ---------  ---------
                   .org_0       code   0x000000    program   0x000004
                   .cinit    romdata   0x000004    program   0x000002
                   .org_1       code   0x000008    program   0x000004
                   .org_2       code   0x000018    program   0x000388
.config_300001_BUILD/DEFAULT/PRODUCTION/MAIN.O    romdata   0x300001    program   0x000001
.config_300003_BUILD/DEFAULT/PRODUCTION/MAIN.O    romdata   0x300003    program   0x000001
.config_300005_BUILD/DEFAULT/PRODUCTION/MAIN.O    romdata   0x300005    program   0x000001



                              Program Memory Usage 
                               Start         End      
                           ---------   ---------      
                            0x000000    0x000005      
                            0x000008    0x00000b      
                            0x000018    0x00039f      
                            0x300001    0x300001      
                            0x300003    0x300003      
                            0x300005    0x300005      
            917 out of 8472 program addresses used, program memory utilization is 10%



                              Symbols - Sorted by Name
                     Name    Address   Location    Storage File                     
                ---------  ---------  ---------  --------- ---------                
  ACTIVACIO_LEDS_CIRCULAR   0x00029c    program     static C:\Users\gabri\git\Walkie-Textie\AssemblerCode\main.asm
    ACTIVAR_LEDS_CIRCULAR   0x0002b8    program     static C:\Users\gabri\git\Walkie-Textie\AssemblerCode\main.asm
      ACTIVAR_LEDS_PROCES   0x000188    program     static C:\Users\gabri\git\Walkie-Textie\AssemblerCode\main.asm
           ACTIVA_LEDS_RF   0x00013a    program     static C:\Users\gabri\git\Walkie-Textie\AssemblerCode\main.asm
              APAGAR_LEDS   0x000352    program     static C:\Users\gabri\git\Walkie-Textie\AssemblerCode\main.asm
            BLINKING_10HZ   0x00031c    program     static C:\Users\gabri\git\Walkie-Textie\AssemblerCode\main.asm
             BLINKING_5HZ   0x000334    program     static C:\Users\gabri\git\Walkie-Textie\AssemblerCode\main.asm
              BUCLE_DESAR   0x0001de    program     static C:\Users\gabri\git\Walkie-Textie\AssemblerCode\main.asm
      BUCLE_ENVIAR_8_BITS   0x000110    program     static C:\Users\gabri\git\Walkie-Textie\AssemblerCode\main.asm
  BUCLE_RESTANT_ENVIAR_RF   0x000102    program     static C:\Users\gabri\git\Walkie-Textie\AssemblerCode\main.asm
       COMPROVACIO_10_SEG   0x00038e    program     static C:\Users\gabri\git\Walkie-Textie\AssemblerCode\main.asm
     COMPROVA_APAGAR_10HZ   0x00032a    program     static C:\Users\gabri\git\Walkie-Textie\AssemblerCode\main.asm
      COMPROVA_APAGAR_5HZ   0x000342    program     static C:\Users\gabri\git\Walkie-Textie\AssemblerCode\main.asm
                     DESA   0x0001ce    program     static C:\Users\gabri\git\Walkie-Textie\AssemblerCode\main.asm
   DESA_SENSE_CONFIRMACIO   0x0001d2    program     static C:\Users\gabri\git\Walkie-Textie\AssemblerCode\main.asm
               DIVIDIR_10   0x000270    program     static C:\Users\gabri\git\Walkie-Textie\AssemblerCode\main.asm
            ENCENDRE_LEDS   0x00034c    program     static C:\Users\gabri\git\Walkie-Textie\AssemblerCode\main.asm
                   ENVIAR   0x0000de    program     static C:\Users\gabri\git\Walkie-Textie\AssemblerCode\main.asm
ENVIAR_BIT_PRIMERA_MEITAT   0x000144    program     static C:\Users\gabri\git\Walkie-Textie\AssemblerCode\main.asm
 ENVIAR_BIT_SEGONA_MEITAT   0x000150    program     static C:\Users\gabri\git\Walkie-Textie\AssemblerCode\main.asm
ENVIAR_CONFIRMACIO_BYTE_ENVIAT   0x00023c    program     static C:\Users\gabri\git\Walkie-Textie\AssemblerCode\main.asm
 ENVIAR_CONFIRMACIO_DESAR   0x000246    program     static C:\Users\gabri\git\Walkie-Textie\AssemblerCode\main.asm
 ENVIAR_CONFIRMACIO_DESAT   0x000218    program     static C:\Users\gabri\git\Walkie-Textie\AssemblerCode\main.asm
    ENVIAR_CONFIRMACIO_RF   0x00020e    program     static C:\Users\gabri\git\Walkie-Textie\AssemblerCode\main.asm
          ENVIAR_END_BYTE   0x000250    program     static C:\Users\gabri\git\Walkie-Textie\AssemblerCode\main.asm
     ENVIAR_PETICIO_DESAR   0x000262    program     static C:\Users\gabri\git\Walkie-Textie\AssemblerCode\main.asm
                ENVIAR_RF   0x0000c6    program     static C:\Users\gabri\git\Walkie-Textie\AssemblerCode\main.asm
ENVIAR_RF_SENSE_CONFIRMACIO   0x0000d6    program     static C:\Users\gabri\git\Walkie-Textie\AssemblerCode\main.asm
               ENVIA_WORK   0x000222    program     static C:\Users\gabri\git\Walkie-Textie\AssemblerCode\main.asm
                   ESPERA   0x00025a    program     static C:\Users\gabri\git\Walkie-Textie\AssemblerCode\main.asm
              ESPERA_16MS   0x000376    program     static C:\Users\gabri\git\Walkie-Textie\AssemblerCode\main.asm
          ESPERA_POLSADOR   0x000380    program     static C:\Users\gabri\git\Walkie-Textie\AssemblerCode\main.asm
       FINAL_BUCLE_ENVIAR   0x000128    program     static C:\Users\gabri\git\Walkie-Textie\AssemblerCode\main.asm
                 FINAL_RF   0x000170    program     static C:\Users\gabri\git\Walkie-Textie\AssemblerCode\main.asm
                 HIGH_INT   0x00001a    program     static C:\Users\gabri\git\Walkie-Textie\AssemblerCode\main.asm
            HI_INT_VECTOR   0x000008    program     static C:\Users\gabri\git\Walkie-Textie\AssemblerCode\main.asm
               INIT_PORTS   0x00004c    program     static C:\Users\gabri\git\Walkie-Textie\AssemblerCode\main.asm
                 INIT_SIO   0x00003a    program     static C:\Users\gabri\git\Walkie-Textie\AssemblerCode\main.asm
               INIT_TIMER   0x00006c    program     static C:\Users\gabri\git\Walkie-Textie\AssemblerCode\main.asm
                INIT_VARS   0x000022    program     static C:\Users\gabri\git\Walkie-Textie\AssemblerCode\main.asm
            LEDS_CIRCULAR   0x0002ae    program     static C:\Users\gabri\git\Walkie-Textie\AssemblerCode\main.asm
      LEDS_CIRCULAR_DRETA   0x0002c0    program     static C:\Users\gabri\git\Walkie-Textie\AssemblerCode\main.asm
LEDS_CIRCULAR_DRETA_ESQUERRA   0x0002e0    program     static C:\Users\gabri\git\Walkie-Textie\AssemblerCode\main.asm
 LEDS_CIRCULAR_DRETA_LATB   0x0002d4    program     static C:\Users\gabri\git\Walkie-Textie\AssemblerCode\main.asm
LEDS_CIRCULAR_DRETA_SEGONA_PART   0x0002e8    program     static C:\Users\gabri\git\Walkie-Textie\AssemblerCode\main.asm
   LEDS_CIRCULAR_ESQUERRA   0x0002ee    program     static C:\Users\gabri\git\Walkie-Textie\AssemblerCode\main.asm
LEDS_CIRCULAR_ESQUERRA_DRETA   0x000302    program     static C:\Users\gabri\git\Walkie-Textie\AssemblerCode\main.asm
LEDS_CIRCULAR_ESQUERRA_LATB   0x00030a    program     static C:\Users\gabri\git\Walkie-Textie\AssemblerCode\main.asm
LEDS_CIRCULAR_ESQ_SEGONA_PART   0x000316    program     static C:\Users\gabri\git\Walkie-Textie\AssemblerCode\main.asm
         LEDS_PROCES_LATB   0x0001a0    program     static C:\Users\gabri\git\Walkie-Textie\AssemblerCode\main.asm
   LEDS_PROCES_LATB_INICI   0x0001ac    program     static C:\Users\gabri\git\Walkie-Textie\AssemblerCode\main.asm
      LEDS_PROCES_MAJOR_1   0x000194    program     static C:\Users\gabri\git\Walkie-Textie\AssemblerCode\main.asm
                     LOOP   0x000098    program     static C:\Users\gabri\git\Walkie-Textie\AssemblerCode\main.asm
           LOW_INT_VECTOR   0x000018    program     static C:\Users\gabri\git\Walkie-Textie\AssemblerCode\main.asm
                     MAIN   0x000088    program     static C:\Users\gabri\git\Walkie-Textie\AssemblerCode\main.asm
    POLS_CARREGA_MISSATGE   0x00035a    program     static C:\Users\gabri\git\Walkie-Textie\AssemblerCode\main.asm
           POLS_ENVIAR_RF   0x000366    program     static C:\Users\gabri\git\Walkie-Textie\AssemblerCode\main.asm
             PRE_FINAL_RF   0x000162    program     static C:\Users\gabri\git\Walkie-Textie\AssemblerCode\main.asm
                    REBUT   0x0001b0    program     static C:\Users\gabri\git\Walkie-Textie\AssemblerCode\main.asm
              RESET_TIMER   0x00007c    program     static C:\Users\gabri\git\Walkie-Textie\AssemblerCode\main.asm
             RESET_VECTOR   0x000000    program     static C:\Users\gabri\git\Walkie-Textie\AssemblerCode\main.asm
           RESTART_COMPTA   0x000208    program     static C:\Users\gabri\git\Walkie-Textie\AssemblerCode\main.asm
            RETORNA_DESAR   0x000200    program     static C:\Users\gabri\git\Walkie-Textie\AssemblerCode\main.asm
         RETORNA_POLSADOR   0x00039c    program     static C:\Users\gabri\git\Walkie-Textie\AssemblerCode\main.asm
           SUMA_PART_ALTA   0x000292    program     static C:\Users\gabri\git\Walkie-Textie\AssemblerCode\main.asm
             _.org_2_017E   0x00017e    program     static C:\Users\gabri\git\Walkie-Textie\AssemblerCode\main.asm
             _.org_2_037A   0x00037a    program     static C:\Users\gabri\git\Walkie-Textie\AssemblerCode\main.asm



                              Symbols - Sorted by Address
                     Name    Address   Location    Storage File                     
                ---------  ---------  ---------  --------- ---------                
             RESET_VECTOR   0x000000    program     static C:\Users\gabri\git\Walkie-Textie\AssemblerCode\main.asm
            HI_INT_VECTOR   0x000008    program     static C:\Users\gabri\git\Walkie-Textie\AssemblerCode\main.asm
           LOW_INT_VECTOR   0x000018    program     static C:\Users\gabri\git\Walkie-Textie\AssemblerCode\main.asm
                 HIGH_INT   0x00001a    program     static C:\Users\gabri\git\Walkie-Textie\AssemblerCode\main.asm
                INIT_VARS   0x000022    program     static C:\Users\gabri\git\Walkie-Textie\AssemblerCode\main.asm
                 INIT_SIO   0x00003a    program     static C:\Users\gabri\git\Walkie-Textie\AssemblerCode\main.asm
               INIT_PORTS   0x00004c    program     static C:\Users\gabri\git\Walkie-Textie\AssemblerCode\main.asm
               INIT_TIMER   0x00006c    program     static C:\Users\gabri\git\Walkie-Textie\AssemblerCode\main.asm
              RESET_TIMER   0x00007c    program     static C:\Users\gabri\git\Walkie-Textie\AssemblerCode\main.asm
                     MAIN   0x000088    program     static C:\Users\gabri\git\Walkie-Textie\AssemblerCode\main.asm
                     LOOP   0x000098    program     static C:\Users\gabri\git\Walkie-Textie\AssemblerCode\main.asm
                ENVIAR_RF   0x0000c6    program     static C:\Users\gabri\git\Walkie-Textie\AssemblerCode\main.asm
ENVIAR_RF_SENSE_CONFIRMACIO   0x0000d6    program     static C:\Users\gabri\git\Walkie-Textie\AssemblerCode\main.asm
                   ENVIAR   0x0000de    program     static C:\Users\gabri\git\Walkie-Textie\AssemblerCode\main.asm
  BUCLE_RESTANT_ENVIAR_RF   0x000102    program     static C:\Users\gabri\git\Walkie-Textie\AssemblerCode\main.asm
      BUCLE_ENVIAR_8_BITS   0x000110    program     static C:\Users\gabri\git\Walkie-Textie\AssemblerCode\main.asm
       FINAL_BUCLE_ENVIAR   0x000128    program     static C:\Users\gabri\git\Walkie-Textie\AssemblerCode\main.asm
           ACTIVA_LEDS_RF   0x00013a    program     static C:\Users\gabri\git\Walkie-Textie\AssemblerCode\main.asm
ENVIAR_BIT_PRIMERA_MEITAT   0x000144    program     static C:\Users\gabri\git\Walkie-Textie\AssemblerCode\main.asm
 ENVIAR_BIT_SEGONA_MEITAT   0x000150    program     static C:\Users\gabri\git\Walkie-Textie\AssemblerCode\main.asm
             PRE_FINAL_RF   0x000162    program     static C:\Users\gabri\git\Walkie-Textie\AssemblerCode\main.asm
                 FINAL_RF   0x000170    program     static C:\Users\gabri\git\Walkie-Textie\AssemblerCode\main.asm
             _.org_2_017E   0x00017e    program     static C:\Users\gabri\git\Walkie-Textie\AssemblerCode\main.asm
      ACTIVAR_LEDS_PROCES   0x000188    program     static C:\Users\gabri\git\Walkie-Textie\AssemblerCode\main.asm
      LEDS_PROCES_MAJOR_1   0x000194    program     static C:\Users\gabri\git\Walkie-Textie\AssemblerCode\main.asm
         LEDS_PROCES_LATB   0x0001a0    program     static C:\Users\gabri\git\Walkie-Textie\AssemblerCode\main.asm
   LEDS_PROCES_LATB_INICI   0x0001ac    program     static C:\Users\gabri\git\Walkie-Textie\AssemblerCode\main.asm
                    REBUT   0x0001b0    program     static C:\Users\gabri\git\Walkie-Textie\AssemblerCode\main.asm
                     DESA   0x0001ce    program     static C:\Users\gabri\git\Walkie-Textie\AssemblerCode\main.asm
   DESA_SENSE_CONFIRMACIO   0x0001d2    program     static C:\Users\gabri\git\Walkie-Textie\AssemblerCode\main.asm
              BUCLE_DESAR   0x0001de    program     static C:\Users\gabri\git\Walkie-Textie\AssemblerCode\main.asm
            RETORNA_DESAR   0x000200    program     static C:\Users\gabri\git\Walkie-Textie\AssemblerCode\main.asm
           RESTART_COMPTA   0x000208    program     static C:\Users\gabri\git\Walkie-Textie\AssemblerCode\main.asm
    ENVIAR_CONFIRMACIO_RF   0x00020e    program     static C:\Users\gabri\git\Walkie-Textie\AssemblerCode\main.asm
 ENVIAR_CONFIRMACIO_DESAT   0x000218    program     static C:\Users\gabri\git\Walkie-Textie\AssemblerCode\main.asm
               ENVIA_WORK   0x000222    program     static C:\Users\gabri\git\Walkie-Textie\AssemblerCode\main.asm
ENVIAR_CONFIRMACIO_BYTE_ENVIAT   0x00023c    program     static C:\Users\gabri\git\Walkie-Textie\AssemblerCode\main.asm
 ENVIAR_CONFIRMACIO_DESAR   0x000246    program     static C:\Users\gabri\git\Walkie-Textie\AssemblerCode\main.asm
          ENVIAR_END_BYTE   0x000250    program     static C:\Users\gabri\git\Walkie-Textie\AssemblerCode\main.asm
                   ESPERA   0x00025a    program     static C:\Users\gabri\git\Walkie-Textie\AssemblerCode\main.asm
     ENVIAR_PETICIO_DESAR   0x000262    program     static C:\Users\gabri\git\Walkie-Textie\AssemblerCode\main.asm
               DIVIDIR_10   0x000270    program     static C:\Users\gabri\git\Walkie-Textie\AssemblerCode\main.asm
           SUMA_PART_ALTA   0x000292    program     static C:\Users\gabri\git\Walkie-Textie\AssemblerCode\main.asm
  ACTIVACIO_LEDS_CIRCULAR   0x00029c    program     static C:\Users\gabri\git\Walkie-Textie\AssemblerCode\main.asm
            LEDS_CIRCULAR   0x0002ae    program     static C:\Users\gabri\git\Walkie-Textie\AssemblerCode\main.asm
    ACTIVAR_LEDS_CIRCULAR   0x0002b8    program     static C:\Users\gabri\git\Walkie-Textie\AssemblerCode\main.asm
      LEDS_CIRCULAR_DRETA   0x0002c0    program     static C:\Users\gabri\git\Walkie-Textie\AssemblerCode\main.asm
 LEDS_CIRCULAR_DRETA_LATB   0x0002d4    program     static C:\Users\gabri\git\Walkie-Textie\AssemblerCode\main.asm
LEDS_CIRCULAR_DRETA_ESQUERRA   0x0002e0    program     static C:\Users\gabri\git\Walkie-Textie\AssemblerCode\main.asm
LEDS_CIRCULAR_DRETA_SEGONA_PART   0x0002e8    program     static C:\Users\gabri\git\Walkie-Textie\AssemblerCode\main.asm
   LEDS_CIRCULAR_ESQUERRA   0x0002ee    program     static C:\Users\gabri\git\Walkie-Textie\AssemblerCode\main.asm
LEDS_CIRCULAR_ESQUERRA_DRETA   0x000302    program     static C:\Users\gabri\git\Walkie-Textie\AssemblerCode\main.asm
LEDS_CIRCULAR_ESQUERRA_LATB   0x00030a    program     static C:\Users\gabri\git\Walkie-Textie\AssemblerCode\main.asm
LEDS_CIRCULAR_ESQ_SEGONA_PART   0x000316    program     static C:\Users\gabri\git\Walkie-Textie\AssemblerCode\main.asm
            BLINKING_10HZ   0x00031c    program     static C:\Users\gabri\git\Walkie-Textie\AssemblerCode\main.asm
     COMPROVA_APAGAR_10HZ   0x00032a    program     static C:\Users\gabri\git\Walkie-Textie\AssemblerCode\main.asm
             BLINKING_5HZ   0x000334    program     static C:\Users\gabri\git\Walkie-Textie\AssemblerCode\main.asm
      COMPROVA_APAGAR_5HZ   0x000342    program     static C:\Users\gabri\git\Walkie-Textie\AssemblerCode\main.asm
            ENCENDRE_LEDS   0x00034c    program     static C:\Users\gabri\git\Walkie-Textie\AssemblerCode\main.asm
              APAGAR_LEDS   0x000352    program     static C:\Users\gabri\git\Walkie-Textie\AssemblerCode\main.asm
    POLS_CARREGA_MISSATGE   0x00035a    program     static C:\Users\gabri\git\Walkie-Textie\AssemblerCode\main.asm
           POLS_ENVIAR_RF   0x000366    program     static C:\Users\gabri\git\Walkie-Textie\AssemblerCode\main.asm
              ESPERA_16MS   0x000376    program     static C:\Users\gabri\git\Walkie-Textie\AssemblerCode\main.asm
             _.org_2_037A   0x00037a    program     static C:\Users\gabri\git\Walkie-Textie\AssemblerCode\main.asm
          ESPERA_POLSADOR   0x000380    program     static C:\Users\gabri\git\Walkie-Textie\AssemblerCode\main.asm
       COMPROVACIO_10_SEG   0x00038e    program     static C:\Users\gabri\git\Walkie-Textie\AssemblerCode\main.asm
         RETORNA_POLSADOR   0x00039c    program     static C:\Users\gabri\git\Walkie-Textie\AssemblerCode\main.asm


