MPLINK 5.08, LINKER
Linker Map File - Created Wed Apr 12 00:57:08 2017

                                 Section Info
                  Section       Type    Address   Location Size(Bytes)
                ---------  ---------  ---------  ---------  ---------
                   .org_0       code   0x000000    program   0x000004
                   .cinit    romdata   0x000004    program   0x000002
                   .org_1       code   0x000008    program   0x000004
                   .org_2       code   0x000018    program   0x000278
.config_300001_BUILD/DEFAULT/PRODUCTION/MAIN.O    romdata   0x300001    program   0x000001
.config_300003_BUILD/DEFAULT/PRODUCTION/MAIN.O    romdata   0x300003    program   0x000001
.config_300005_BUILD/DEFAULT/PRODUCTION/MAIN.O    romdata   0x300005    program   0x000001



                              Program Memory Usage 
                               Start         End      
                           ---------   ---------      
                            0x000000    0x000005      
                            0x000008    0x00000b      
                            0x000018    0x00028f      
                            0x300001    0x300001      
                            0x300003    0x300003      
                            0x300005    0x300005      
            645 out of 8472 program addresses used, program memory utilization is 7%



                              Symbols - Sorted by Name
                     Name    Address   Location    Storage File                     
                ---------  ---------  ---------  --------- ---------                
  ACTIVACIO_LEDS_CIRCULAR   0x0001c4    program     static C:\Users\gabri\git\Walkie-Textie\AssemblerCode\main.asm
    ACTIVAR_LEDS_CIRCULAR   0x0001de    program     static C:\Users\gabri\git\Walkie-Textie\AssemblerCode\main.asm
      ACTIVAR_LEDS_PROCES   0x00011c    program     static C:\Users\gabri\git\Walkie-Textie\AssemblerCode\main.asm
              APAGAR_LEDS   0x000266    program     static C:\Users\gabri\git\Walkie-Textie\AssemblerCode\main.asm
            BLINKING_10HZ   0x000230    program     static C:\Users\gabri\git\Walkie-Textie\AssemblerCode\main.asm
             BLINKING_5HZ   0x000246    program     static C:\Users\gabri\git\Walkie-Textie\AssemblerCode\main.asm
              BUCLE_DESAR   0x00016c    program     static C:\Users\gabri\git\Walkie-Textie\AssemblerCode\main.asm
      BUCLE_ENVIAR_8_BITS   0x0000da    program     static C:\Users\gabri\git\Walkie-Textie\AssemblerCode\main.asm
BUCLE_INDEX_DIVISOR_ENVIAR_RF   0x0000ce    program     static C:\Users\gabri\git\Walkie-Textie\AssemblerCode\main.asm
     BUCLE_LEDS_ENVIAR_RF   0x0000c4    program     static C:\Users\gabri\git\Walkie-Textie\AssemblerCode\main.asm
       COMPROVACIO_10_SEG   0x000280    program     static C:\Users\gabri\git\Walkie-Textie\AssemblerCode\main.asm
     COMPROVA_APAGAR_10HZ   0x00023e    program     static C:\Users\gabri\git\Walkie-Textie\AssemblerCode\main.asm
      COMPROVA_APAGAR_5HZ   0x000254    program     static C:\Users\gabri\git\Walkie-Textie\AssemblerCode\main.asm
                     DESA   0x000162    program     static C:\Users\gabri\git\Walkie-Textie\AssemblerCode\main.asm
   DESA_SENSE_CONFIRMACIO   0x000166    program     static C:\Users\gabri\git\Walkie-Textie\AssemblerCode\main.asm
               DIVIDIR_10   0x0001b0    program     static C:\Users\gabri\git\Walkie-Textie\AssemblerCode\main.asm
            ENCENDRE_LEDS   0x00025c    program     static C:\Users\gabri\git\Walkie-Textie\AssemblerCode\main.asm
ENVIAR_BIT_PRIMERA_MEITAT   0x000104    program     static C:\Users\gabri\git\Walkie-Textie\AssemblerCode\main.asm
 ENVIAR_BIT_SEGONA_MEITAT   0x000110    program     static C:\Users\gabri\git\Walkie-Textie\AssemblerCode\main.asm
 ENVIAR_CONFIRMACIO_DESAR   0x00019c    program     static C:\Users\gabri\git\Walkie-Textie\AssemblerCode\main.asm
 ENVIAR_CONFIRMACIO_DESAT   0x000196    program     static C:\Users\gabri\git\Walkie-Textie\AssemblerCode\main.asm
    ENVIAR_CONFIRMACIO_RF   0x000190    program     static C:\Users\gabri\git\Walkie-Textie\AssemblerCode\main.asm
     ENVIAR_PETICIO_DESAR   0x0001a2    program     static C:\Users\gabri\git\Walkie-Textie\AssemblerCode\main.asm
                ENVIAR_RF   0x0000a8    program     static C:\Users\gabri\git\Walkie-Textie\AssemblerCode\main.asm
          ESPERA_POLSADOR   0x000276    program     static C:\Users\gabri\git\Walkie-Textie\AssemblerCode\main.asm
       FINAL_BUCLE_ENVIAR   0x0000f2    program     static C:\Users\gabri\git\Walkie-Textie\AssemblerCode\main.asm
FINAL_BUCLE_INDEX_DIVISOR   0x0000f8    program     static C:\Users\gabri\git\Walkie-Textie\AssemblerCode\main.asm
                 FINAL_RF   0x00013a    program     static C:\Users\gabri\git\Walkie-Textie\AssemblerCode\main.asm
                 HIGH_INT   0x00001a    program     static C:\Users\gabri\git\Walkie-Textie\AssemblerCode\main.asm
            HI_INT_VECTOR   0x000008    program     static C:\Users\gabri\git\Walkie-Textie\AssemblerCode\main.asm
   INCREMENTAR_SENSE_LEDS   0x00028c    program     static C:\Users\gabri\git\Walkie-Textie\AssemblerCode\main.asm
               INIT_PORTS   0x000038    program     static C:\Users\gabri\git\Walkie-Textie\AssemblerCode\main.asm
                 INIT_SIO   0x000022    program     static C:\Users\gabri\git\Walkie-Textie\AssemblerCode\main.asm
               INIT_TIMER   0x000052    program     static C:\Users\gabri\git\Walkie-Textie\AssemblerCode\main.asm
                INIT_VARS   0x000020    program     static C:\Users\gabri\git\Walkie-Textie\AssemblerCode\main.asm
            LEDS_CIRCULAR   0x0001d4    program     static C:\Users\gabri\git\Walkie-Textie\AssemblerCode\main.asm
      LEDS_CIRCULAR_DRETA   0x0001e4    program     static C:\Users\gabri\git\Walkie-Textie\AssemblerCode\main.asm
LEDS_CIRCULAR_DRETA_ESQUERRA   0x000208    program     static C:\Users\gabri\git\Walkie-Textie\AssemblerCode\main.asm
 LEDS_CIRCULAR_DRETA_LATB   0x0001fe    program     static C:\Users\gabri\git\Walkie-Textie\AssemblerCode\main.asm
LEDS_CIRCULAR_DRETA_SEGONA_PART   0x0001f8    program     static C:\Users\gabri\git\Walkie-Textie\AssemblerCode\main.asm
   LEDS_CIRCULAR_ESQUERRA   0x00020e    program     static C:\Users\gabri\git\Walkie-Textie\AssemblerCode\main.asm
LEDS_CIRCULAR_ESQUERRA_DRETA   0x000222    program     static C:\Users\gabri\git\Walkie-Textie\AssemblerCode\main.asm
LEDS_CIRCULAR_ESQUERRA_LATB   0x000228    program     static C:\Users\gabri\git\Walkie-Textie\AssemblerCode\main.asm
         LEDS_PROCES_LATB   0x000134    program     static C:\Users\gabri\git\Walkie-Textie\AssemblerCode\main.asm
      LEDS_PROCES_MAJOR_1   0x000128    program     static C:\Users\gabri\git\Walkie-Textie\AssemblerCode\main.asm
                     LOOP   0x00007a    program     static C:\Users\gabri\git\Walkie-Textie\AssemblerCode\main.asm
           LOW_INT_VECTOR   0x000018    program     static C:\Users\gabri\git\Walkie-Textie\AssemblerCode\main.asm
                     MAIN   0x00006e    program     static C:\Users\gabri\git\Walkie-Textie\AssemblerCode\main.asm
    POLS_CARREGA_MISSATGE   0x00026e    program     static C:\Users\gabri\git\Walkie-Textie\AssemblerCode\main.asm
           POLS_ENVIAR_RF   0x000272    program     static C:\Users\gabri\git\Walkie-Textie\AssemblerCode\main.asm
                    REBUT   0x000142    program     static C:\Users\gabri\git\Walkie-Textie\AssemblerCode\main.asm
              RESET_TIMER   0x000062    program     static C:\Users\gabri\git\Walkie-Textie\AssemblerCode\main.asm
             RESET_VECTOR   0x000000    program     static C:\Users\gabri\git\Walkie-Textie\AssemblerCode\main.asm
            RETORNA_DESAR   0x000188    program     static C:\Users\gabri\git\Walkie-Textie\AssemblerCode\main.asm



                              Symbols - Sorted by Address
                     Name    Address   Location    Storage File                     
                ---------  ---------  ---------  --------- ---------                
             RESET_VECTOR   0x000000    program     static C:\Users\gabri\git\Walkie-Textie\AssemblerCode\main.asm
            HI_INT_VECTOR   0x000008    program     static C:\Users\gabri\git\Walkie-Textie\AssemblerCode\main.asm
           LOW_INT_VECTOR   0x000018    program     static C:\Users\gabri\git\Walkie-Textie\AssemblerCode\main.asm
                 HIGH_INT   0x00001a    program     static C:\Users\gabri\git\Walkie-Textie\AssemblerCode\main.asm
                INIT_VARS   0x000020    program     static C:\Users\gabri\git\Walkie-Textie\AssemblerCode\main.asm
                 INIT_SIO   0x000022    program     static C:\Users\gabri\git\Walkie-Textie\AssemblerCode\main.asm
               INIT_PORTS   0x000038    program     static C:\Users\gabri\git\Walkie-Textie\AssemblerCode\main.asm
               INIT_TIMER   0x000052    program     static C:\Users\gabri\git\Walkie-Textie\AssemblerCode\main.asm
              RESET_TIMER   0x000062    program     static C:\Users\gabri\git\Walkie-Textie\AssemblerCode\main.asm
                     MAIN   0x00006e    program     static C:\Users\gabri\git\Walkie-Textie\AssemblerCode\main.asm
                     LOOP   0x00007a    program     static C:\Users\gabri\git\Walkie-Textie\AssemblerCode\main.asm
                ENVIAR_RF   0x0000a8    program     static C:\Users\gabri\git\Walkie-Textie\AssemblerCode\main.asm
     BUCLE_LEDS_ENVIAR_RF   0x0000c4    program     static C:\Users\gabri\git\Walkie-Textie\AssemblerCode\main.asm
BUCLE_INDEX_DIVISOR_ENVIAR_RF   0x0000ce    program     static C:\Users\gabri\git\Walkie-Textie\AssemblerCode\main.asm
      BUCLE_ENVIAR_8_BITS   0x0000da    program     static C:\Users\gabri\git\Walkie-Textie\AssemblerCode\main.asm
       FINAL_BUCLE_ENVIAR   0x0000f2    program     static C:\Users\gabri\git\Walkie-Textie\AssemblerCode\main.asm
FINAL_BUCLE_INDEX_DIVISOR   0x0000f8    program     static C:\Users\gabri\git\Walkie-Textie\AssemblerCode\main.asm
ENVIAR_BIT_PRIMERA_MEITAT   0x000104    program     static C:\Users\gabri\git\Walkie-Textie\AssemblerCode\main.asm
 ENVIAR_BIT_SEGONA_MEITAT   0x000110    program     static C:\Users\gabri\git\Walkie-Textie\AssemblerCode\main.asm
      ACTIVAR_LEDS_PROCES   0x00011c    program     static C:\Users\gabri\git\Walkie-Textie\AssemblerCode\main.asm
      LEDS_PROCES_MAJOR_1   0x000128    program     static C:\Users\gabri\git\Walkie-Textie\AssemblerCode\main.asm
         LEDS_PROCES_LATB   0x000134    program     static C:\Users\gabri\git\Walkie-Textie\AssemblerCode\main.asm
                 FINAL_RF   0x00013a    program     static C:\Users\gabri\git\Walkie-Textie\AssemblerCode\main.asm
                    REBUT   0x000142    program     static C:\Users\gabri\git\Walkie-Textie\AssemblerCode\main.asm
                     DESA   0x000162    program     static C:\Users\gabri\git\Walkie-Textie\AssemblerCode\main.asm
   DESA_SENSE_CONFIRMACIO   0x000166    program     static C:\Users\gabri\git\Walkie-Textie\AssemblerCode\main.asm
              BUCLE_DESAR   0x00016c    program     static C:\Users\gabri\git\Walkie-Textie\AssemblerCode\main.asm
            RETORNA_DESAR   0x000188    program     static C:\Users\gabri\git\Walkie-Textie\AssemblerCode\main.asm
    ENVIAR_CONFIRMACIO_RF   0x000190    program     static C:\Users\gabri\git\Walkie-Textie\AssemblerCode\main.asm
 ENVIAR_CONFIRMACIO_DESAT   0x000196    program     static C:\Users\gabri\git\Walkie-Textie\AssemblerCode\main.asm
 ENVIAR_CONFIRMACIO_DESAR   0x00019c    program     static C:\Users\gabri\git\Walkie-Textie\AssemblerCode\main.asm
     ENVIAR_PETICIO_DESAR   0x0001a2    program     static C:\Users\gabri\git\Walkie-Textie\AssemblerCode\main.asm
               DIVIDIR_10   0x0001b0    program     static C:\Users\gabri\git\Walkie-Textie\AssemblerCode\main.asm
  ACTIVACIO_LEDS_CIRCULAR   0x0001c4    program     static C:\Users\gabri\git\Walkie-Textie\AssemblerCode\main.asm
            LEDS_CIRCULAR   0x0001d4    program     static C:\Users\gabri\git\Walkie-Textie\AssemblerCode\main.asm
    ACTIVAR_LEDS_CIRCULAR   0x0001de    program     static C:\Users\gabri\git\Walkie-Textie\AssemblerCode\main.asm
      LEDS_CIRCULAR_DRETA   0x0001e4    program     static C:\Users\gabri\git\Walkie-Textie\AssemblerCode\main.asm
LEDS_CIRCULAR_DRETA_SEGONA_PART   0x0001f8    program     static C:\Users\gabri\git\Walkie-Textie\AssemblerCode\main.asm
 LEDS_CIRCULAR_DRETA_LATB   0x0001fe    program     static C:\Users\gabri\git\Walkie-Textie\AssemblerCode\main.asm
LEDS_CIRCULAR_DRETA_ESQUERRA   0x000208    program     static C:\Users\gabri\git\Walkie-Textie\AssemblerCode\main.asm
   LEDS_CIRCULAR_ESQUERRA   0x00020e    program     static C:\Users\gabri\git\Walkie-Textie\AssemblerCode\main.asm
LEDS_CIRCULAR_ESQUERRA_DRETA   0x000222    program     static C:\Users\gabri\git\Walkie-Textie\AssemblerCode\main.asm
LEDS_CIRCULAR_ESQUERRA_LATB   0x000228    program     static C:\Users\gabri\git\Walkie-Textie\AssemblerCode\main.asm
            BLINKING_10HZ   0x000230    program     static C:\Users\gabri\git\Walkie-Textie\AssemblerCode\main.asm
     COMPROVA_APAGAR_10HZ   0x00023e    program     static C:\Users\gabri\git\Walkie-Textie\AssemblerCode\main.asm
             BLINKING_5HZ   0x000246    program     static C:\Users\gabri\git\Walkie-Textie\AssemblerCode\main.asm
      COMPROVA_APAGAR_5HZ   0x000254    program     static C:\Users\gabri\git\Walkie-Textie\AssemblerCode\main.asm
            ENCENDRE_LEDS   0x00025c    program     static C:\Users\gabri\git\Walkie-Textie\AssemblerCode\main.asm
              APAGAR_LEDS   0x000266    program     static C:\Users\gabri\git\Walkie-Textie\AssemblerCode\main.asm
    POLS_CARREGA_MISSATGE   0x00026e    program     static C:\Users\gabri\git\Walkie-Textie\AssemblerCode\main.asm
           POLS_ENVIAR_RF   0x000272    program     static C:\Users\gabri\git\Walkie-Textie\AssemblerCode\main.asm
          ESPERA_POLSADOR   0x000276    program     static C:\Users\gabri\git\Walkie-Textie\AssemblerCode\main.asm
       COMPROVACIO_10_SEG   0x000280    program     static C:\Users\gabri\git\Walkie-Textie\AssemblerCode\main.asm
   INCREMENTAR_SENSE_LEDS   0x00028c    program     static C:\Users\gabri\git\Walkie-Textie\AssemblerCode\main.asm


