MPLINK 5.08, LINKER
Linker Map File - Created Wed Apr 12 19:58:12 2017

                                 Section Info
                  Section       Type    Address   Location Size(Bytes)
                ---------  ---------  ---------  ---------  ---------
                   .org_0       code   0x000000    program   0x000004
                   .cinit    romdata   0x000004    program   0x000002
                   .org_1       code   0x000008    program   0x000004
                   .org_2       code   0x000018    program   0x000296
.config_300001_BUILD/DEFAULT/PRODUCTION/MAIN.O    romdata   0x300001    program   0x000001
.config_300003_BUILD/DEFAULT/PRODUCTION/MAIN.O    romdata   0x300003    program   0x000001
.config_300005_BUILD/DEFAULT/PRODUCTION/MAIN.O    romdata   0x300005    program   0x000001



                              Program Memory Usage 
                               Start         End      
                           ---------   ---------      
                            0x000000    0x000005      
                            0x000008    0x00000b      
                            0x000018    0x0002ad      
                            0x300001    0x300001      
                            0x300003    0x300003      
                            0x300005    0x300005      
            675 out of 8472 program addresses used, program memory utilization is 7%



                              Symbols - Sorted by Name
                     Name    Address   Location    Storage File                     
                ---------  ---------  ---------  --------- ---------                
  ACTIVACIO_LEDS_CIRCULAR   0x0001e6    program     static C:\Users\gabri\git\Walkie-Textie\AssemblerCode\main.asm
    ACTIVAR_LEDS_CIRCULAR   0x000200    program     static C:\Users\gabri\git\Walkie-Textie\AssemblerCode\main.asm
      ACTIVAR_LEDS_PROCES   0x000124    program     static C:\Users\gabri\git\Walkie-Textie\AssemblerCode\main.asm
              APAGAR_LEDS   0x000288    program     static C:\Users\gabri\git\Walkie-Textie\AssemblerCode\main.asm
            BLINKING_10HZ   0x000252    program     static C:\Users\gabri\git\Walkie-Textie\AssemblerCode\main.asm
             BLINKING_5HZ   0x00026a    program     static C:\Users\gabri\git\Walkie-Textie\AssemblerCode\main.asm
              BUCLE_DESAR   0x000172    program     static C:\Users\gabri\git\Walkie-Textie\AssemblerCode\main.asm
      BUCLE_ENVIAR_8_BITS   0x0000e2    program     static C:\Users\gabri\git\Walkie-Textie\AssemblerCode\main.asm
BUCLE_INDEX_DIVISOR_ENVIAR_RF   0x0000d6    program     static C:\Users\gabri\git\Walkie-Textie\AssemblerCode\main.asm
     BUCLE_LEDS_ENVIAR_RF   0x0000cc    program     static C:\Users\gabri\git\Walkie-Textie\AssemblerCode\main.asm
       COMPROVACIO_10_SEG   0x00029e    program     static C:\Users\gabri\git\Walkie-Textie\AssemblerCode\main.asm
     COMPROVA_APAGAR_10HZ   0x000260    program     static C:\Users\gabri\git\Walkie-Textie\AssemblerCode\main.asm
      COMPROVA_APAGAR_5HZ   0x000278    program     static C:\Users\gabri\git\Walkie-Textie\AssemblerCode\main.asm
                     DESA   0x000168    program     static C:\Users\gabri\git\Walkie-Textie\AssemblerCode\main.asm
   DESA_SENSE_CONFIRMACIO   0x00016c    program     static C:\Users\gabri\git\Walkie-Textie\AssemblerCode\main.asm
               DIVIDIR_10   0x0001d2    program     static C:\Users\gabri\git\Walkie-Textie\AssemblerCode\main.asm
            ENCENDRE_LEDS   0x000282    program     static C:\Users\gabri\git\Walkie-Textie\AssemblerCode\main.asm
ENVIAR_BIT_PRIMERA_MEITAT   0x00010c    program     static C:\Users\gabri\git\Walkie-Textie\AssemblerCode\main.asm
 ENVIAR_BIT_SEGONA_MEITAT   0x000118    program     static C:\Users\gabri\git\Walkie-Textie\AssemblerCode\main.asm
 ENVIAR_CONFIRMACIO_DESAR   0x0001ac    program     static C:\Users\gabri\git\Walkie-Textie\AssemblerCode\main.asm
 ENVIAR_CONFIRMACIO_DESAT   0x0001a2    program     static C:\Users\gabri\git\Walkie-Textie\AssemblerCode\main.asm
    ENVIAR_CONFIRMACIO_RF   0x000196    program     static C:\Users\gabri\git\Walkie-Textie\AssemblerCode\main.asm
     ENVIAR_PETICIO_DESAR   0x0001be    program     static C:\Users\gabri\git\Walkie-Textie\AssemblerCode\main.asm
                ENVIAR_RF   0x0000ac    program     static C:\Users\gabri\git\Walkie-Textie\AssemblerCode\main.asm
                   ESPERA   0x0001b6    program     static C:\Users\gabri\git\Walkie-Textie\AssemblerCode\main.asm
          ESPERA_POLSADOR   0x000294    program     static C:\Users\gabri\git\Walkie-Textie\AssemblerCode\main.asm
       FINAL_BUCLE_ENVIAR   0x0000fa    program     static C:\Users\gabri\git\Walkie-Textie\AssemblerCode\main.asm
FINAL_BUCLE_INDEX_DIVISOR   0x000100    program     static C:\Users\gabri\git\Walkie-Textie\AssemblerCode\main.asm
                 FINAL_RF   0x000142    program     static C:\Users\gabri\git\Walkie-Textie\AssemblerCode\main.asm
                 HIGH_INT   0x00001a    program     static C:\Users\gabri\git\Walkie-Textie\AssemblerCode\main.asm
            HI_INT_VECTOR   0x000008    program     static C:\Users\gabri\git\Walkie-Textie\AssemblerCode\main.asm
   INCREMENTAR_SENSE_LEDS   0x0002aa    program     static C:\Users\gabri\git\Walkie-Textie\AssemblerCode\main.asm
               INIT_PORTS   0x000038    program     static C:\Users\gabri\git\Walkie-Textie\AssemblerCode\main.asm
                 INIT_SIO   0x000026    program     static C:\Users\gabri\git\Walkie-Textie\AssemblerCode\main.asm
               INIT_TIMER   0x000052    program     static C:\Users\gabri\git\Walkie-Textie\AssemblerCode\main.asm
                INIT_VARS   0x000022    program     static C:\Users\gabri\git\Walkie-Textie\AssemblerCode\main.asm
            LEDS_CIRCULAR   0x0001f6    program     static C:\Users\gabri\git\Walkie-Textie\AssemblerCode\main.asm
      LEDS_CIRCULAR_DRETA   0x000206    program     static C:\Users\gabri\git\Walkie-Textie\AssemblerCode\main.asm
LEDS_CIRCULAR_DRETA_ESQUERRA   0x00022a    program     static C:\Users\gabri\git\Walkie-Textie\AssemblerCode\main.asm
 LEDS_CIRCULAR_DRETA_LATB   0x000220    program     static C:\Users\gabri\git\Walkie-Textie\AssemblerCode\main.asm
LEDS_CIRCULAR_DRETA_SEGONA_PART   0x00021a    program     static C:\Users\gabri\git\Walkie-Textie\AssemblerCode\main.asm
   LEDS_CIRCULAR_ESQUERRA   0x000230    program     static C:\Users\gabri\git\Walkie-Textie\AssemblerCode\main.asm
LEDS_CIRCULAR_ESQUERRA_DRETA   0x000244    program     static C:\Users\gabri\git\Walkie-Textie\AssemblerCode\main.asm
LEDS_CIRCULAR_ESQUERRA_LATB   0x00024a    program     static C:\Users\gabri\git\Walkie-Textie\AssemblerCode\main.asm
         LEDS_PROCES_LATB   0x00013c    program     static C:\Users\gabri\git\Walkie-Textie\AssemblerCode\main.asm
      LEDS_PROCES_MAJOR_1   0x000130    program     static C:\Users\gabri\git\Walkie-Textie\AssemblerCode\main.asm
                     LOOP   0x00007e    program     static C:\Users\gabri\git\Walkie-Textie\AssemblerCode\main.asm
           LOW_INT_VECTOR   0x000018    program     static C:\Users\gabri\git\Walkie-Textie\AssemblerCode\main.asm
                     MAIN   0x00006e    program     static C:\Users\gabri\git\Walkie-Textie\AssemblerCode\main.asm
    POLS_CARREGA_MISSATGE   0x000290    program     static C:\Users\gabri\git\Walkie-Textie\AssemblerCode\main.asm
           POLS_ENVIAR_RF   0x000292    program     static C:\Users\gabri\git\Walkie-Textie\AssemblerCode\main.asm
                    REBUT   0x00014a    program     static C:\Users\gabri\git\Walkie-Textie\AssemblerCode\main.asm
              RESET_TIMER   0x000062    program     static C:\Users\gabri\git\Walkie-Textie\AssemblerCode\main.asm
             RESET_VECTOR   0x000000    program     static C:\Users\gabri\git\Walkie-Textie\AssemblerCode\main.asm
            RETORNA_DESAR   0x00018e    program     static C:\Users\gabri\git\Walkie-Textie\AssemblerCode\main.asm



                              Symbols - Sorted by Address
                     Name    Address   Location    Storage File                     
                ---------  ---------  ---------  --------- ---------                
             RESET_VECTOR   0x000000    program     static C:\Users\gabri\git\Walkie-Textie\AssemblerCode\main.asm
            HI_INT_VECTOR   0x000008    program     static C:\Users\gabri\git\Walkie-Textie\AssemblerCode\main.asm
           LOW_INT_VECTOR   0x000018    program     static C:\Users\gabri\git\Walkie-Textie\AssemblerCode\main.asm
                 HIGH_INT   0x00001a    program     static C:\Users\gabri\git\Walkie-Textie\AssemblerCode\main.asm
                INIT_VARS   0x000022    program     static C:\Users\gabri\git\Walkie-Textie\AssemblerCode\main.asm
                 INIT_SIO   0x000026    program     static C:\Users\gabri\git\Walkie-Textie\AssemblerCode\main.asm
               INIT_PORTS   0x000038    program     static C:\Users\gabri\git\Walkie-Textie\AssemblerCode\main.asm
               INIT_TIMER   0x000052    program     static C:\Users\gabri\git\Walkie-Textie\AssemblerCode\main.asm
              RESET_TIMER   0x000062    program     static C:\Users\gabri\git\Walkie-Textie\AssemblerCode\main.asm
                     MAIN   0x00006e    program     static C:\Users\gabri\git\Walkie-Textie\AssemblerCode\main.asm
                     LOOP   0x00007e    program     static C:\Users\gabri\git\Walkie-Textie\AssemblerCode\main.asm
                ENVIAR_RF   0x0000ac    program     static C:\Users\gabri\git\Walkie-Textie\AssemblerCode\main.asm
     BUCLE_LEDS_ENVIAR_RF   0x0000cc    program     static C:\Users\gabri\git\Walkie-Textie\AssemblerCode\main.asm
BUCLE_INDEX_DIVISOR_ENVIAR_RF   0x0000d6    program     static C:\Users\gabri\git\Walkie-Textie\AssemblerCode\main.asm
      BUCLE_ENVIAR_8_BITS   0x0000e2    program     static C:\Users\gabri\git\Walkie-Textie\AssemblerCode\main.asm
       FINAL_BUCLE_ENVIAR   0x0000fa    program     static C:\Users\gabri\git\Walkie-Textie\AssemblerCode\main.asm
FINAL_BUCLE_INDEX_DIVISOR   0x000100    program     static C:\Users\gabri\git\Walkie-Textie\AssemblerCode\main.asm
ENVIAR_BIT_PRIMERA_MEITAT   0x00010c    program     static C:\Users\gabri\git\Walkie-Textie\AssemblerCode\main.asm
 ENVIAR_BIT_SEGONA_MEITAT   0x000118    program     static C:\Users\gabri\git\Walkie-Textie\AssemblerCode\main.asm
      ACTIVAR_LEDS_PROCES   0x000124    program     static C:\Users\gabri\git\Walkie-Textie\AssemblerCode\main.asm
      LEDS_PROCES_MAJOR_1   0x000130    program     static C:\Users\gabri\git\Walkie-Textie\AssemblerCode\main.asm
         LEDS_PROCES_LATB   0x00013c    program     static C:\Users\gabri\git\Walkie-Textie\AssemblerCode\main.asm
                 FINAL_RF   0x000142    program     static C:\Users\gabri\git\Walkie-Textie\AssemblerCode\main.asm
                    REBUT   0x00014a    program     static C:\Users\gabri\git\Walkie-Textie\AssemblerCode\main.asm
                     DESA   0x000168    program     static C:\Users\gabri\git\Walkie-Textie\AssemblerCode\main.asm
   DESA_SENSE_CONFIRMACIO   0x00016c    program     static C:\Users\gabri\git\Walkie-Textie\AssemblerCode\main.asm
              BUCLE_DESAR   0x000172    program     static C:\Users\gabri\git\Walkie-Textie\AssemblerCode\main.asm
            RETORNA_DESAR   0x00018e    program     static C:\Users\gabri\git\Walkie-Textie\AssemblerCode\main.asm
    ENVIAR_CONFIRMACIO_RF   0x000196    program     static C:\Users\gabri\git\Walkie-Textie\AssemblerCode\main.asm
 ENVIAR_CONFIRMACIO_DESAT   0x0001a2    program     static C:\Users\gabri\git\Walkie-Textie\AssemblerCode\main.asm
 ENVIAR_CONFIRMACIO_DESAR   0x0001ac    program     static C:\Users\gabri\git\Walkie-Textie\AssemblerCode\main.asm
                   ESPERA   0x0001b6    program     static C:\Users\gabri\git\Walkie-Textie\AssemblerCode\main.asm
     ENVIAR_PETICIO_DESAR   0x0001be    program     static C:\Users\gabri\git\Walkie-Textie\AssemblerCode\main.asm
               DIVIDIR_10   0x0001d2    program     static C:\Users\gabri\git\Walkie-Textie\AssemblerCode\main.asm
  ACTIVACIO_LEDS_CIRCULAR   0x0001e6    program     static C:\Users\gabri\git\Walkie-Textie\AssemblerCode\main.asm
            LEDS_CIRCULAR   0x0001f6    program     static C:\Users\gabri\git\Walkie-Textie\AssemblerCode\main.asm
    ACTIVAR_LEDS_CIRCULAR   0x000200    program     static C:\Users\gabri\git\Walkie-Textie\AssemblerCode\main.asm
      LEDS_CIRCULAR_DRETA   0x000206    program     static C:\Users\gabri\git\Walkie-Textie\AssemblerCode\main.asm
LEDS_CIRCULAR_DRETA_SEGONA_PART   0x00021a    program     static C:\Users\gabri\git\Walkie-Textie\AssemblerCode\main.asm
 LEDS_CIRCULAR_DRETA_LATB   0x000220    program     static C:\Users\gabri\git\Walkie-Textie\AssemblerCode\main.asm
LEDS_CIRCULAR_DRETA_ESQUERRA   0x00022a    program     static C:\Users\gabri\git\Walkie-Textie\AssemblerCode\main.asm
   LEDS_CIRCULAR_ESQUERRA   0x000230    program     static C:\Users\gabri\git\Walkie-Textie\AssemblerCode\main.asm
LEDS_CIRCULAR_ESQUERRA_DRETA   0x000244    program     static C:\Users\gabri\git\Walkie-Textie\AssemblerCode\main.asm
LEDS_CIRCULAR_ESQUERRA_LATB   0x00024a    program     static C:\Users\gabri\git\Walkie-Textie\AssemblerCode\main.asm
            BLINKING_10HZ   0x000252    program     static C:\Users\gabri\git\Walkie-Textie\AssemblerCode\main.asm
     COMPROVA_APAGAR_10HZ   0x000260    program     static C:\Users\gabri\git\Walkie-Textie\AssemblerCode\main.asm
             BLINKING_5HZ   0x00026a    program     static C:\Users\gabri\git\Walkie-Textie\AssemblerCode\main.asm
      COMPROVA_APAGAR_5HZ   0x000278    program     static C:\Users\gabri\git\Walkie-Textie\AssemblerCode\main.asm
            ENCENDRE_LEDS   0x000282    program     static C:\Users\gabri\git\Walkie-Textie\AssemblerCode\main.asm
              APAGAR_LEDS   0x000288    program     static C:\Users\gabri\git\Walkie-Textie\AssemblerCode\main.asm
    POLS_CARREGA_MISSATGE   0x000290    program     static C:\Users\gabri\git\Walkie-Textie\AssemblerCode\main.asm
           POLS_ENVIAR_RF   0x000292    program     static C:\Users\gabri\git\Walkie-Textie\AssemblerCode\main.asm
          ESPERA_POLSADOR   0x000294    program     static C:\Users\gabri\git\Walkie-Textie\AssemblerCode\main.asm
       COMPROVACIO_10_SEG   0x00029e    program     static C:\Users\gabri\git\Walkie-Textie\AssemblerCode\main.asm
   INCREMENTAR_SENSE_LEDS   0x0002aa    program     static C:\Users\gabri\git\Walkie-Textie\AssemblerCode\main.asm


